Component: ARM Compiler 5.06 update 6 (build 750) Tool: armlink [4d35ed]

==============================================================================

Section Cross References

    startup_stm32f10x_md.o(STACK) refers (Special) to heapauxi.o(.text) for __use_two_region_memory
    startup_stm32f10x_md.o(HEAP) refers (Special) to heapauxi.o(.text) for __use_two_region_memory
    startup_stm32f10x_md.o(RESET) refers (Special) to heapauxi.o(.text) for __use_two_region_memory
    startup_stm32f10x_md.o(RESET) refers to startup_stm32f10x_md.o(STACK) for __initial_sp
    startup_stm32f10x_md.o(RESET) refers to startup_stm32f10x_md.o(.text) for Reset_Handler
    startup_stm32f10x_md.o(RESET) refers to stm32f10x_it.o(.text) for NMI_Handler
    startup_stm32f10x_md.o(.text) refers (Special) to heapauxi.o(.text) for __use_two_region_memory
    startup_stm32f10x_md.o(.text) refers to system_stm32f10x.o(.text) for SystemInit
    startup_stm32f10x_md.o(.text) refers to __main.o(!!!main) for __main
    startup_stm32f10x_md.o(.text) refers to startup_stm32f10x_md.o(HEAP) for Heap_Mem
    startup_stm32f10x_md.o(.text) refers to startup_stm32f10x_md.o(STACK) for Stack_Mem
    stm32f10x_it.o(.text) refers to stm32f10x_usart.o(.text) for USART_GetITStatus
    stm32f10x_it.o(.text) refers to usart.o(.text) for USART2_PutChar
    stm32f10x_it.o(.text) refers to stm32f10x_tim.o(.text) for TIM_GetITStatus
    stm32f10x_it.o(.text) refers to keyscan.o(.text) for keyscan_handler
    stm32f10x_it.o(.text) refers to stm32f10x_can.o(.text) for CAN_Receive
    stm32f10x_it.o(.text) refers to timer.o(.data) for Timer2_Counter
    stm32f10x_it.o(.text) refers to can.o(.bss) for RxMessage
    stm32f10x_it.o(.text) refers to can.o(.data) for can_rx_flag
    system_stm32f10x.o(.text) refers to system_stm32f10x.o(.data) for SystemCoreClock
    main.o(.text) refers to led.o(.text) for LED_ALL_ON
    main.o(.text) refers to buzzer.o(.text) for Buzzer_ON
    main.o(.text) refers to timer.o(.text) for delay_ms
    main.o(.text) refers to can.o(.text) for CAN_Tx_data
    main.o(.text) refers to misc.o(.text) for NVIC_PriorityGroupConfig
    main.o(.text) refers to usart.o(.text) for USART2_Initialize
    main.o(.text) refers to power.o(.text) for power_Initialize
    main.o(.text) refers to light.o(.text) for light_Initialize
    main.o(.text) refers to keyscan.o(.text) for KeyInit
    main.o(.text) refers to adc.o(.text) for ADC1_Initialize
    main.o(.text) refers to main.o(.data) for data3
    main.o(.text) refers to timer.o(.data) for flag_10msec
    main.o(.text) refers to light.o(.data) for Lignting_mode
    main.o(.text) refers to buzzer.o(.data) for BuzzerTimer
    timer.o(.text) refers to stm32f10x_rcc.o(.text) for RCC_APB1PeriphClockCmd
    timer.o(.text) refers to stm32f10x_tim.o(.text) for TIM_TimeBaseInit
    timer.o(.text) refers to misc.o(.text) for NVIC_Init
    timer.o(.text) refers to timer.o(.data) for Timer2_Counter
    usart.o(.text) refers to stm32f10x_rcc.o(.text) for RCC_APB2PeriphClockCmd
    usart.o(.text) refers to stm32f10x_gpio.o(.text) for GPIO_Init
    usart.o(.text) refers to misc.o(.text) for NVIC_Init
    usart.o(.text) refers to stm32f10x_usart.o(.text) for USART_ITConfig
    led.o(.text) refers to stm32f10x_gpio.o(.text) for GPIO_SetBits
    led.o(.text) refers to stm32f10x_rcc.o(.text) for RCC_APB2PeriphClockCmd
    buzzer.o(.text) refers to stm32f10x_gpio.o(.text) for GPIO_ResetBits
    buzzer.o(.text) refers to stm32f10x_rcc.o(.text) for RCC_APB2PeriphClockCmd
    buzzer.o(.text) refers to buzzer.o(.data) for BuzzerOccupation
    power.o(.text) refers to stm32f10x_rcc.o(.text) for RCC_APB2PeriphClockCmd
    power.o(.text) refers to stm32f10x_gpio.o(.text) for GPIO_Init
    power.o(.text) refers to led.o(.text) for LED_ALL_ON
    power.o(.text) refers to buzzer.o(.text) for Buzzer_ON
    power.o(.text) refers to timer.o(.text) for delay_ms
    power.o(.text) refers to main.o(.data) for mode
    power.o(.text) refers to power.o(.data) for cnt
    keyscan.o(.text) refers to stm32f10x_rcc.o(.text) for RCC_APB2PeriphClockCmd
    keyscan.o(.text) refers to stm32f10x_gpio.o(.text) for GPIO_Init
    keyscan.o(.text) refers to can.o(.text) for CAN_Tx_data
    keyscan.o(.text) refers to light.o(.text) for Head_Light_ON
    keyscan.o(.text) refers to keyscan.o(.data) for KeyScanState
    keyscan.o(.text) refers to keyscan.o(.bss) for KeyBuf
    keyscan.o(.text) refers to buzzer.o(.data) for BuzzerTimer
    keyscan.o(.text) refers to main.o(.data) for mode
    keyscan.o(.text) refers to light.o(.data) for Lignting_mode
    keyscan.o(.text) refers to buzzer.o(.text) for Buzzer_ON
    keyscan.o(.text) refers to can.o(.data) for rpm_left
    light.o(.text) refers to stm32f10x_rcc.o(.text) for RCC_APB2PeriphClockCmd
    light.o(.text) refers to stm32f10x_gpio.o(.text) for GPIO_Init
    light.o(.text) refers to light.o(.data) for blink
[...]
    ../fplib/fretinf.s                       0x00000000   Number         0  fretinf.o ABSOLUTE
    ../fplib/frleqf.s                        0x00000000   Number         0  frleqf.o ABSOLUTE
    ../fplib/usenofp.s                       0x00000000   Number         0  usenofp.o ABSOLUTE
    LED.c                                    0x00000000   Number         0  led.o ABSOLUTE
    STM32F10x_StdPeriph_Lib_V3.5.0\Libraries\CMSIS\CM3\CoreSupport\core_cm3.c 0x00000000   Number         0  core_cm3.o ABSOLUTE
    STM32F10x_StdPeriph_Lib_V3.5.0\Libraries\STM32F10x_StdPeriph_Driver\src\misc.c 0x00000000   Number         0  misc.o ABSOLUTE
    STM32F10x_StdPeriph_Lib_V3.5.0\Libraries\STM32F10x_StdPeriph_Driver\src\stm32f10x_adc.c 0x00000000   Number         0  stm32f10x_adc.o ABSOLUTE
    STM32F10x_StdPeriph_Lib_V3.5.0\Libraries\STM32F10x_StdPeriph_Driver\src\stm32f10x_bkp.c 0x00000000   Number         0  stm32f10x_bkp.o ABSOLUTE
    STM32F10x_StdPeriph_Lib_V3.5.0\Libraries\STM32F10x_StdPeriph_Driver\src\stm32f10x_can.c 0x00000000   Number         0  stm32f10x_can.o ABSOLUTE
    STM32F10x_StdPeriph_Lib_V3.5.0\Libraries\STM32F10x_StdPeriph_Driver\src\stm32f10x_cec.c 0x00000000   Number         0  stm32f10x_cec.o ABSOLUTE
    STM32F10x_StdPeriph_Lib_V3.5.0\Libraries\STM32F10x_StdPeriph_Driver\src\stm32f10x_crc.c 0x00000000   Number         0  stm32f10x_crc.o ABSOLUTE
    STM32F10x_StdPeriph_Lib_V3.5.0\Libraries\STM32F10x_StdPeriph_Driver\src\stm32f10x_dac.c 0x00000000   Number         0  stm32f10x_dac.o ABSOLUTE
    STM32F10x_StdPeriph_Lib_V3.5.0\Libraries\STM32F10x_StdPeriph_Driver\src\stm32f10x_dbgmcu.c 0x00000000   Number         0  stm32f10x_dbgmcu.o ABSOLUTE
    STM32F10x_StdPeriph_Lib_V3.5.0\Libraries\STM32F10x_StdPeriph_Driver\src\stm32f10x_dma.c 0x00000000   Number         0  stm32f10x_dma.o ABSOLUTE
    STM32F10x_StdPeriph_Lib_V3.5.0\Libraries\STM32F10x_StdPeriph_Driver\src\stm32f10x_exti.c 0x00000000   Number         0  stm32f10x_exti.o ABSOLUTE
    STM32F10x_StdPeriph_Lib_V3.5.0\Libraries\STM32F10x_StdPeriph_Driver\src\stm32f10x_flash.c 0x00000000   Number         0  stm32f10x_flash.o ABSOLUTE
    STM32F10x_StdPeriph_Lib_V3.5.0\Libraries\STM32F10x_StdPeriph_Driver\src\stm32f10x_fsmc.c 0x00000000   Number         0  stm32f10x_fsmc.o ABSOLUTE
    STM32F10x_StdPeriph_Lib_V3.5.0\Libraries\STM32F10x_StdPeriph_Driver\src\stm32f10x_gpio.c 0x00000000   Number         0  stm32f10x_gpio.o ABSOLUTE
    STM32F10x_StdPeriph_Lib_V3.5.0\Libraries\STM32F10x_StdPeriph_Driver\src\stm32f10x_i2c.c 0x00000000   Number         0  stm32f10x_i2c.o ABSOLUTE
    STM32F10x_StdPeriph_Lib_V3.5.0\Libraries\STM32F10x_StdPeriph_Driver\src\stm32f10x_iwdg.c 0x00000000   Number         0  stm32f10x_iwdg.o ABSOLUTE
    STM32F10x_StdPeriph_Lib_V3.5.0\Libraries\STM32F10x_StdPeriph_Driver\src\stm32f10x_pwr.c 0x00000000   Number         0  stm32f10x_pwr.o ABSOLUTE
    STM32F10x_StdPeriph_Lib_V3.5.0\Libraries\STM32F10x_StdPeriph_Driver\src\stm32f10x_rcc.c 0x00000000   Number         0  stm32f10x_rcc.o ABSOLUTE
    STM32F10x_StdPeriph_Lib_V3.5.0\Libraries\STM32F10x_StdPeriph_Driver\src\stm32f10x_rtc.c 0x00000000   Number         0  stm32f10x_rtc.o ABSOLUTE
    STM32F10x_StdPeriph_Lib_V3.5.0\Libraries\STM32F10x_StdPeriph_Driver\src\stm32f10x_sdio.c 0x00000000   Number         0  stm32f10x_sdio.o ABSOLUTE
    STM32F10x_StdPeriph_Lib_V3.5.0\Libraries\STM32F10x_StdPeriph_Driver\src\stm32f10x_spi.c 0x00000000   Number         0  stm32f10x_spi.o ABSOLUTE
    STM32F10x_StdPeriph_Lib_V3.5.0\Libraries\STM32F10x_StdPeriph_Driver\src\stm32f10x_tim.c 0x00000000   Number         0  stm32f10x_tim.o ABSOLUTE
    STM32F10x_StdPeriph_Lib_V3.5.0\Libraries\STM32F10x_StdPeriph_Driver\src\stm32f10x_usart.c 0x00000000   Number         0  stm32f10x_usart.o ABSOLUTE
    STM32F10x_StdPeriph_Lib_V3.5.0\Libraries\STM32F10x_StdPeriph_Driver\src\stm32f10x_wwdg.c 0x00000000   Number         0  stm32f10x_wwdg.o ABSOLUTE
    STM32F10x_StdPeriph_Lib_V3.5.0\\Libraries\\CMSIS\\CM3\\CoreSupport\\core_cm3.c 0x00000000   Number         0  core_cm3.o ABSOLUTE
    adc.c                                    0x00000000   Number         0  adc.o ABSOLUTE
    buzzer.c                                 0x00000000   Number         0  buzzer.o ABSOLUTE
    can.c                                    0x00000000   Number         0  can.o ABSOLUTE
    dc.s                                     0x00000000   Number         0  dc.o ABSOLUTE
    keyscan.c                                0x00000000   Number         0  keyscan.o ABSOLUTE
    light.c                                  0x00000000   Number         0  light.o ABSOLUTE
    main.c                                   0x00000000   Number         0  main.o ABSOLUTE
    power.c                                  0x00000000   Number         0  power.o ABSOLUTE
    startup_stm32f10x_md.s                   0x00000000   Number         0  startup_stm32f10x_md.o ABSOLUTE
    stm32f10x_it.c                           0x00000000   Number         0  stm32f10x_it.o ABSOLUTE
    system_stm32f10x.c                       0x00000000   Number         0  system_stm32f10x.o ABSOLUTE
    timer.c                                  0x00000000   Number         0  timer.o ABSOLUTE
    usart.c                                  0x00000000   Number         0  usart.o ABSOLUTE
    RESET                                    0x08000000   Section      236  startup_stm32f10x_md.o(RESET)
    !!!main                                  0x080000ec   Section        8  __main.o(!!!main)
    !!!scatter                               0x080000f4   Section       52  __scatter.o(!!!scatter)
    !!handler_copy                           0x08000128   Section       26  __scatter_copy.o(!!handler_copy)
    !!handler_zi                             0x08000144   Section       28  __scatter_zi.o(!!handler_zi)
    .ARM.Collect$$libinit$$00000000          0x08000160   Section        2  libinit.o(.ARM.Collect$$libinit$$00000000)
    .ARM.Collect$$libinit$$00000002          0x08000162   Section        0  libinit2.o(.ARM.Collect$$libinit$$00000002)
    .ARM.Collect$$libinit$$00000004          0x08000162   Section        0  libinit2.o(.ARM.Collect$$libinit$$00000004)
    .ARM.Collect$$libinit$$0000000A          0x08000162   Section        0  libinit2.o(.ARM.Collect$$libinit$$0000000A)
    .ARM.Collect$$libinit$$0000000C          0x08000162   Section        0  libinit2.o(.ARM.Collect$$libinit$$0000000C)
    .ARM.Collect$$libinit$$0000000E          0x08000162   Section        0  libinit2.o(.ARM.Collect$$libinit$$0000000E)
    .ARM.Collect$$libinit$$00000011          0x08000162   Section        0  libinit2.o(.ARM.Collect$$libinit$$00000011)
    .ARM.Collect$$libinit$$00000013          0x08000162   Section        0  libinit2.o(.ARM.Collect$$libinit$$00000013)
    .ARM.Collect$$libinit$$00000015          0x08000162   Section        0  libinit2.o(.ARM.Collect$$libinit$$00000015)
    .ARM.Collect$$libinit$$00000017          0x08000162   Section        0  libinit2.o(.ARM.Collect$$libinit$$00000017)
    .ARM.Collect$$libinit$$00000019          0x08000162   Section        0  libinit2.o(.ARM.Collect$$libinit$$00000019)
    .ARM.Collect$$libinit$$0000001B          0x08000162   Section        0  libinit2.o(.ARM.Collect$$libinit$$0000001B)
    .ARM.Collect$$libinit$$0000001D          0x08000162   Section        0  libinit2.o(.ARM.Collect$$libinit$$0000001D)
    .ARM.Collect$$libinit$$0000001F          0x08000162   Section        0  libinit2.o(.ARM.Collect$$libinit$$0000001F)
    .ARM.Collect$$libinit$$00000021          0x08000162   Section        0  libinit2.o(.ARM.Collect$$libinit$$00000021)
    .ARM.Collect$$libinit$$00000023          0x08000162   Section        0  libinit2.o(.ARM.Collect$$libinit$$00000023)
    .ARM.Collect$$libinit$$00000025          0x08000162   Section        0  libinit2.o(.ARM.Collect$$libinit$$00000025)
    .ARM.Collect$$libinit$$0000002C          0x08000162   Section        0  libinit2.o(.ARM.Collect$$libinit$$0000002C)
    .ARM.Collect$$libinit$$0000002E          0x08000162   Section        0  libinit2.o(.ARM.Collect$$libinit$$0000002E)
    .ARM.Collect$$libinit$$00000030          0x08000162   Section        0  libinit2.o(.ARM.Collect$$libinit$$00000030)
    .ARM.Collect$$libinit$$00000032          0x08000162   Section        0  libinit2.o(.ARM.Collect$$libinit$$00000032)
    .ARM.Collect$$libinit$$00000033          0x08000162   Section        2  libinit2.o(.ARM.Collect$$libinit$$00000033)
    .ARM.Collect$$libshutdown$$00000000      0x08000164   Section        2  libshutdown.o(.ARM.Collect$$libshutdown$$00000000)
    .ARM.Collect$$libshutdown$$00000002      0x08000166   Section        0  libshutdown2.o(.ARM.Collect$$libshutdown$$00000002)
    .ARM.Collect$$libshutdown$$00000004      0x08000166   Section        0  libshutdown2.o(.ARM.Collect$$libshutdown$$00000004)
    .ARM.Collect$$libshutdown$$00000007      0x08000166   Section        0  libshutdown2.o(.ARM.Collect$$libshutdown$$00000007)
    .ARM.Collect$$libshutdown$$0000000A      0x08000166   Section        0  libshutdown2.o(.ARM.Collect$$libshutdown$$0000000A)
    .ARM.Collect$$libshutdown$$0000000C      0x08000166   Section        0  libshutdown2.o(.ARM.Collect$$libshutdown$$0000000C)
    .ARM.Collect$$libshutdown$$0000000F      0x08000166   Section        0  libshutdown2.o(.ARM.Collect$$libshutdown$$0000000F)
    .ARM.Collect$$libshutdown$$00000010      0x08000166   Section        2  libshutdown2.o(.ARM.Collect$$libshutdown$$00000010)
    .ARM.Collect$$rtentry$$00000000          0x08000168   Section        0  __rtentry.o(.ARM.Collect$$rtentry$$00000000)
    .ARM.Collect$$rtentry$$00000002          0x08000168   Section        0  __rtentry2.o(.ARM.Collect$$rtentry$$00000002)
    .ARM.Collect$$rtentry$$00000004          0x08000168   Section        6  __rtentry4.o(.ARM.Collect$$rtentry$$00000004)
    .ARM.Collect$$rtentry$$00000009          0x0800016e   Section        0  __rtentry2.o(.ARM.Collect$$rtentry$$00000009)
    .ARM.Collect$$rtentry$$0000000A          0x0800016e   Section        4  __rtentry2.o(.ARM.Collect$$rtentry$$0000000A)
    .ARM.Collect$$rtentry$$0000000C          0x08000172   Section        0  __rtentry2.o(.ARM.Collect$$rtentry$$0000000C)
    .ARM.Collect$$rtentry$$0000000D          0x08000172   Section        8  __rtentry2.o(.ARM.Collect$$rtentry$$0000000D)
    .ARM.Collect$$rtexit$$00000000           0x0800017a   Section        2  rtexit.o(.ARM.Collect$$rtexit$$00000000)
    .ARM.Collect$$rtexit$$00000002           0x0800017c   Section        0  rtexit2.o(.ARM.Collect$$rtexit$$00000002)
    .ARM.Collect$$rtexit$$00000003           0x0800017c   Section        4  rtexit2.o(.ARM.Collect$$rtexit$$00000003)
    .ARM.Collect$$rtexit$$00000004           0x08000180   Section        6  rtexit2.o(.ARM.Collect$$rtexit$$00000004)
    .text                                    0x08000188   Section       64  startup_stm32f10x_md.o(.text)
    .text                                    0x080001c8   Section        0  stm32f10x_it.o(.text)
    .text                                    0x080002e8   Section        0  system_stm32f10x.o(.text)
    SetSysClockTo72                          0x080002e9   Thumb Code   214  system_stm32f10x.o(.text)
    SetSysClock                              0x080003bf   Thumb Code     8  system_stm32f10x.o(.text)
    .text                                    0x080004c8   Section        0  main.o(.text)
    .text                                    0x08000888   Section        0  timer.o(.text)
    .text                                    0x08000958   Section        0  usart.o(.text)
    .text                                    0x08000a64   Section        0  led.o(.text)
    .text                                    0x08000d78   Section        0  buzzer.o(.text)
    .text                                    0x08000dfc   Section        0  power.o(.text)
    .text                                    0x08000f7c   Section        0  keyscan.o(.text)
    .text                                    0x08001510   Section        0  light.o(.text)
    .text                                    0x08001678   Section        0  can.o(.text)
    .text                                    0x08001aac   Section        0  adc.o(.text)
    .text                                    0x080023f4   Section        0  misc.o(.text)
    .text                                    0x080024d0   Section        0  stm32f10x_adc.o(.text)
    .text                                    0x08002920   Section        0  stm32f10x_can.o(.text)
    CheckITStatus                            0x08003123   Thumb Code    18  stm32f10x_can.o(.text)
    .text                                    0x08003310   Section        0  stm32f10x_dma.o(.text)
    .text                                    0x08003564   Section        0  stm32f10x_gpio.o(.text)
    .text                                    0x080038c0   Section        0  stm32f10x_rcc.o(.text)
    .text                                    0x08003c64   Section        0  stm32f10x_tim.o(.text)
    TI4_Config                               0x0800410b   Thumb Code   130  stm32f10x_tim.o(.text)
    TI3_Config                               0x0800419f   Thumb Code   122  stm32f10x_tim.o(.text)
    TI2_Config                               0x08004233   Thumb Code   130  stm32f10x_tim.o(.text)
    TI1_Config                               0x080042c7   Thumb Code   108  stm32f10x_tim.o(.text)
    .text                                    0x08004a80   Section        0  stm32f10x_usart.o(.text)
    .text                                    0x08004e88   Section        0  heapauxi.o(.text)
    .text                                    0x08004e8e   Section       74  sys_stackheap_outer.o(.text)
    .text                                    0x08004ed8   Section        0  exit.o(.text)
    .text                                    0x08004eec   Section        8  libspace.o(.text)
    .text                                    0x08004ef4   Section        0  sys_exit.o(.text)
    .text                                    0x08004f00   Section        2  use_no_semi.o(.text)
    .text                                    0x08004f02   Section        0  indicate_semi.o(.text)
    x$fpl$dadd                               0x08004f04   Section      336  daddsub_clz.o(x$fpl$dadd)
    _dadd1                                   0x08004f15   Thumb Code     0  daddsub_clz.o(x$fpl$dadd)
    x$fpl$ddiv                               0x08005054   Section      688  ddiv.o(x$fpl$ddiv)
    ddiv_entry                               0x0800505b   Thumb Code     0  ddiv.o(x$fpl$ddiv)
    x$fpl$dfix                               0x08005304   Section       94  dfix.o(x$fpl$dfix)
    x$fpl$dmul                               0x08005364   Section      340  dmul.o(x$fpl$dmul)
    x$fpl$dnaninf                            0x080054b8   Section      156  dnaninf.o(x$fpl$dnaninf)
    x$fpl$dretinf                            0x08005554   Section       12  dretinf.o(x$fpl$dretinf)
    x$fpl$dsub                               0x08005560   Section      468  daddsub_clz.o(x$fpl$dsub)
    _dsub1                                   0x08005571   Thumb Code     0  daddsub_clz.o(x$fpl$dsub)
    x$fpl$f2d                                0x08005734   Section       86  f2d.o(x$fpl$f2d)
    x$fpl$fadd                               0x0800578c   Section      196  faddsub_clz.o(x$fpl$fadd)
    _fadd1                                   0x0800579b   Thumb Code     0  faddsub_clz.o(x$fpl$fadd)
    x$fpl$fcmpinf                            0x08005850   Section       24  fcmpi.o(x$fpl$fcmpinf)
    x$fpl$fdiv                               0x08005868   Section      388  fdiv.o(x$fpl$fdiv)
    _fdiv1                                   0x08005869   Thumb Code     0  fdiv.o(x$fpl$fdiv)
    x$fpl$feqf                               0x080059ec   Section      104  feqf.o(x$fpl$feqf)
    x$fpl$ffix                               0x08005a54   Section       54  ffix.o(x$fpl$ffix)
    x$fpl$fflt                               0x08005a8c   Section       48  fflt_clz.o(x$fpl$fflt)
    x$fpl$ffltu                              0x08005abc   Section       38  fflt_clz.o(x$fpl$ffltu)
    x$fpl$fleqf                              0x08005ae4   Section      104  fleqf.o(x$fpl$fleqf)
    x$fpl$fmul                               0x08005b4c   Section      258  fmul.o(x$fpl$fmul)
    x$fpl$fnaninf                            0x08005c4e   Section      140  fnaninf.o(x$fpl$fnaninf)
    x$fpl$fretinf                            0x08005cda   Section       10  fretinf.o(x$fpl$fretinf)
    x$fpl$frleqf                             0x08005ce4   Section       98  frleqf.o(x$fpl$frleqf)
    x$fpl$fsub                               0x08005d48   Section      234  faddsub_clz.o(x$fpl$fsub)
    _fsub1                                   0x08005d57   Thumb Code     0  faddsub_clz.o(x$fpl$fsub)
    x$fpl$usenofp                            0x08005e32   Section        0  usenofp.o(x$fpl$usenofp)
    .data                                    0x20000000   Section       20  system_stm32f10x.o(.data)
    .data                                    0x20000014   Section       37  main.o(.data)
    .data                                    0x2000003c   Section       13  timer.o(.data)
    .data                                    0x2000004c   Section        5  buzzer.o(.data)
    .data                                    0x20000054   Section        8  power.o(.data)
    cnt                                      0x20000054   Data           1  power.o(.data)
    cnt                                      0x20000058   Data           4  power.o(.data)
    .data                                    0x2000005c   Section       13  keyscan.o(.data)
    KeyBufInIx                               0x2000005c   Data           1  keyscan.o(.data)
    KeyBufOutIx                              0x2000005d   Data           1  keyscan.o(.data)
    KeyDownTmr                               0x2000005e   Data           2  keyscan.o(.data)
    KeyNRead                                 0x20000060   Data           1  keyscan.o(.data)
    KeyScanState                             0x20000061   Data           1  keyscan.o(.data)
    KeyRptStartDlyCtr                        0x20000062   Data           1  keyscan.o(.data)
    hlight                                   0x20000063   Data           1  keyscan.o(.data)
    rlight                                   0x20000064   Data           1  keyscan.o(.data)
    llight                                   0x20000065   Data           1  keyscan.o(.data)
    elight                                   0x20000066   Data           1  keyscan.o(.data)
    setsus                                   0x20000067   Data           1  keyscan.o(.data)
    setsus_flag                              0x20000068   Data           1  keyscan.o(.data)
    .data                                    0x20000069   Section        2  light.o(.data)
    blink                                    0x2000006a   Data           1  light.o(.data)
    .data                                    0x2000006c   Section       18  can.o(.data)
    cnt_L                                    0x2000007a   Data           2  can.o(.data)
    cnt_R                                    0x2000007c   Data           2  can.o(.data)
    .data                                    0x20000080   Section       12  adc.o(.data)
    JoyCenterPosition                        0x20000080   Data           1  adc.o(.data)
    SmoothData_X                             0x20000084   Data           4  adc.o(.data)
    SmoothData_Y                             0x20000088   Data           4  adc.o(.data)
    .data                                    0x2000008c   Section       20  stm32f10x_rcc.o(.data)
    APBAHBPrescTable                         0x2000008c   Data          16  stm32f10x_rcc.o(.data)
    ADCPrescTable                            0x2000009c   Data           4  stm32f10x_rcc.o(.data)
    .bss                                     0x200000a0   Section       10  keyscan.o(.bss)
    KeyBuf                                   0x200000a0   Data          10  keyscan.o(.bss)
    .bss                                     0x200000ac   Section       40  can.o(.bss)
    .bss                                     0x200000d4   Section       12  adc.o(.bss)
    .bss                                     0x200000e0   Section       96  libspace.o(.bss)
    HEAP                                     0x20000140   Section      512  startup_stm32f10x_md.o(HEAP)
    Heap_Mem                                 0x20000140   Data         512  startup_stm32f10x_md.o(HEAP)
    STACK                                    0x20000340   Section     1024  startup_stm32f10x_md.o(STACK)
    Stack_Mem                                0x20000340   Data        1024  startup_stm32f10x_md.o(STACK)
    __initial_sp                             0x20000740   Data           0  startup_stm32f10x_md.o(STACK)

    Global Symbols

    Symbol Name                              Value     Ov Type        Size  Object(Section)

    BuildAttributes$$THM_ISAv4$P$D$K$B$S$PE$A:L22UL41UL21$X:L11$S22US41US21$IEEE1$IW$USESV6$~STKCKD$USESV7$~SHL$OSPACE$ROPI$EBA8$UX$STANDARDLIB$REQ8$PRES8$EABIv2 0x00000000   Number         0  anon$$obj.o ABSOLUTE
    __ARM_use_no_argv                        0x00000000   Number         0  main.o ABSOLUTE
    __ARM_exceptions_init                     - Undefined Weak Reference
    __alloca_initialize                       - Undefined Weak Reference
    __arm_preinit_                            - Undefined Weak Reference
    __cpp_initialize__aeabi_                  - Undefined Weak Reference
    __cxa_finalize                            - Undefined Weak Reference
    __rt_locale                               - Undefined Weak Reference
    __sigvec_lookup                           - Undefined Weak Reference
    _atexit_init                              - Undefined Weak Reference
    _call_atexit_fns                          - Undefined Weak Reference
    _clock_init                               - Undefined Weak Reference
    _fp_trap_init                             - Undefined Weak Reference
    _fp_trap_shutdown                         - Undefined Weak Reference
    _get_lc_collate                           - Undefined Weak Reference
    _get_lc_ctype                             - Undefined Weak Reference
    _get_lc_monetary                          - Undefined Weak Reference
    _get_lc_numeric                           - Undefined Weak Reference
    _get_lc_time                              - Undefined Weak Reference
    _getenv_init                              - Undefined Weak Reference
    _handle_redirection                       - Undefined Weak Reference
    _init_alloc                               - Undefined Weak Reference
    _init_user_alloc                          - Undefined Weak Reference
    _initio                                   - Undefined Weak Reference
    _rand_init                                - Undefined Weak Reference
    _signal_finish                            - Undefined Weak Reference
    _signal_init                              - Undefined Weak Reference
    _terminate_alloc                          - Undefined Weak Reference
    _terminate_user_alloc                     - Undefined Weak Reference
    _terminateio                              - Undefined Weak Reference
    __Vectors_Size                           0x000000ec   Number         0  startup_stm32f10x_md.o ABSOLUTE
    __Vectors                                0x08000000   Data           4  startup_stm32f10x_md.o(RESET)
    __Vectors_End                            0x080000ec   Data           0  startup_stm32f10x_md.o(RESET)
    __main                                   0x080000ed   Thumb Code     8  __main.o(!!!main)
    __scatterload                            0x080000f5   Thumb Code     0  __scatter.o(!!!scatter)
    __scatterload_rt2                        0x080000f5   Thumb Code    44  __scatter.o(!!!scatter)
    __scatterload_rt2_thumb_only             0x080000f5   Thumb Code     0  __scatter.o(!!!scatter)
    __scatterload_null                       0x08000103   Thumb Code     0  __scatter.o(!!!scatter)
    __scatterload_copy                       0x08000129   Thumb Code    26  __scatter_copy.o(!!handler_copy)
    __scatterload_zeroinit                   0x08000145   Thumb Code    28  __scatter_zi.o(!!handler_zi)
    __rt_lib_init                            0x08000161   Thumb Code     0  libinit.o(.ARM.Collect$$libinit$$00000000)
    __rt_lib_init_alloca_1                   0x08000163   Thumb Code     0  libinit2.o(.ARM.Collect$$libinit$$0000002E)
    __rt_lib_init_argv_1                     0x08000163   Thumb Code     0  libinit2.o(.ARM.Collect$$libinit$$0000002C)
    __rt_lib_init_atexit_1                   0x08000163   Thumb Code     0  libinit2.o(.ARM.Collect$$libinit$$0000001B)
    __rt_lib_init_clock_1                    0x08000163   Thumb Code     0  libinit2.o(.ARM.Collect$$libinit$$00000021)
    __rt_lib_init_cpp_1                      0x08000163   Thumb Code     0  libinit2.o(.ARM.Collect$$libinit$$00000032)
    __rt_lib_init_exceptions_1               0x08000163   Thumb Code     0  libinit2.o(.ARM.Collect$$libinit$$00000030)
    __rt_lib_init_fp_1                       0x08000163   Thumb Code     0  libinit2.o(.ARM.Collect$$libinit$$00000002)
    __rt_lib_init_fp_trap_1                  0x08000163   Thumb Code     0  libinit2.o(.ARM.Collect$$libinit$$0000001F)
    __rt_lib_init_getenv_1                   0x08000163   Thumb Code     0  libinit2.o(.ARM.Collect$$libinit$$00000023)
    __rt_lib_init_heap_1                     0x08000163   Thumb Code     0  libinit2.o(.ARM.Collect$$libinit$$0000000A)
    __rt_lib_init_lc_collate_1               0x08000163   Thumb Code     0  libinit2.o(.ARM.Collect$$libinit$$00000011)
    __rt_lib_init_lc_ctype_1                 0x08000163   Thumb Code     0  libinit2.o(.ARM.Collect$$libinit$$00000013)
    __rt_lib_init_lc_monetary_1              0x08000163   Thumb Code     0  libinit2.o(.ARM.Collect$$libinit$$00000015)
    __rt_lib_init_lc_numeric_1               0x08000163   Thumb Code     0  libinit2.o(.ARM.Collect$$libinit$$00000017)
    __rt_lib_init_lc_time_1                  0x08000163   Thumb Code     0  libinit2.o(.ARM.Collect$$libinit$$00000019)
    __rt_lib_init_preinit_1                  0x08000163   Thumb Code     0  libinit2.o(.ARM.Collect$$libinit$$00000004)
    __rt_lib_init_rand_1                     0x08000163   Thumb Code     0  libinit2.o(.ARM.Collect$$libinit$$0000000E)
    __rt_lib_init_return                     0x08000163   Thumb Code     0  libinit2.o(.ARM.Collect$$libinit$$00000033)
    __rt_lib_init_signal_1                   0x08000163   Thumb Code     0  libinit2.o(.ARM.Collect$$libinit$$0000001D)
    __rt_lib_init_stdio_1                    0x08000163   Thumb Code     0  libinit2.o(.ARM.Collect$$libinit$$00000025)
    __rt_lib_init_user_alloc_1               0x08000163   Thumb Code     0  libinit2.o(.ARM.Collect$$libinit$$0000000C)
    __rt_lib_shutdown                        0x08000165   Thumb Code     0  libshutdown.o(.ARM.Collect$$libshutdown$$00000000)
    __rt_lib_shutdown_cpp_1                  0x08000167   Thumb Code     0  libshutdown2.o(.ARM.Collect$$libshutdown$$00000002)
    __rt_lib_shutdown_fp_trap_1              0x08000167   Thumb Code     0  libshutdown2.o(.ARM.Collect$$libshutdown$$00000007)
    __rt_lib_shutdown_heap_1                 0x08000167   Thumb Code     0  libshutdown2.o(.ARM.Collect$$libshutdown$$0000000F)
    __rt_lib_shutdown_return                 0x08000167   Thumb Code     0  libshutdown2.o(.ARM.Collect$$libshutdown$$00000010)
    __rt_lib_shutdown_signal_1               0x08000167   Thumb Code     0  libshutdown2.o(.ARM.Collect$$libshutdown$$0000000A)
    __rt_lib_shutdown_stdio_1                0x08000167   Thumb Code     0  libshutdown2.o(.ARM.Collect$$libshutdown$$00000004)
    __rt_lib_shutdown_user_alloc_1           0x08000167   Thumb Code     0  libshutdown2.o(.ARM.Collect$$libshutdown$$0000000C)
    __rt_entry                               0x08000169   Thumb Code     0  __rtentry.o(.ARM.Collect$$rtentry$$00000000)
    __rt_entry_presh_1                       0x08000169   Thumb Code     0  __rtentry2.o(.ARM.Collect$$rtentry$$00000002)
    __rt_entry_sh                            0x08000169   Thumb Code     0  __rtentry4.o(.ARM.Collect$$rtentry$$00000004)
    __rt_entry_li                            0x0800016f   Thumb Code     0  __rtentry2.o(.ARM.Collect$$rtentry$$0000000A)
    __rt_entry_postsh_1                      0x0800016f   Thumb Code     0  __rtentry2.o(.ARM.Collect$$rtentry$$00000009)
    __rt_entry_main                          0x08000173   Thumb Code     0  __rtentry2.o(.ARM.Collect$$rtentry$$0000000D)
    __rt_entry_postli_1                      0x08000173   Thumb Code     0  __rtentry2.o(.ARM.Collect$$rtentry$$0000000C)
    __rt_exit                                0x0800017b   Thumb Code     0  rtexit.o(.ARM.Collect$$rtexit$$00000000)
    __rt_exit_ls                             0x0800017d   Thumb Code     0  rtexit2.o(.ARM.Collect$$rtexit$$00000003)
    __rt_exit_prels_1                        0x0800017d   Thumb Code     0  rtexit2.o(.ARM.Collect$$rtexit$$00000002)
    __rt_exit_exit                           0x08000181   Thumb Code     0  rtexit2.o(.ARM.Collect$$rtexit$$00000004)
    Reset_Handler                            0x08000189   Thumb Code     8  startup_stm32f10x_md.o(.text)
    CAN1_RX1_IRQHandler                      0x080001a3   Thumb Code     0  startup_stm32f10x_md.o(.text)
    CAN1_SCE_IRQHandler                      0x080001a3   Thumb Code     0  startup_stm32f10x_md.o(.text)
    DMA1_Channel1_IRQHandler                 0x080001a3   Thumb Code     0  startup_stm32f10x_md.o(.text)
    DMA1_Channel2_IRQHandler                 0x080001a3   Thumb Code     0  startup_stm32f10x_md.o(.text)
    DMA1_Channel3_IRQHandler                 0x080001a3   Thumb Code     0  startup_stm32f10x_md.o(.text)
    DMA1_Channel4_IRQHandler                 0x080001a3   Thumb Code     0  startup_stm32f10x_md.o(.text)
    DMA1_Channel5_IRQHandler                 0x080001a3   Thumb Code     0  startup_stm32f10x_md.o(.text)
    DMA1_Channel6_IRQHandler                 0x080001a3   Thumb Code     0  startup_stm32f10x_md.o(.text)
    DMA1_Channel7_IRQHandler                 0x080001a3   Thumb Code     0  startup_stm32f10x_md.o(.text)
    EXTI0_IRQHandler                         0x080001a3   Thumb Code     0  startup_stm32f10x_md.o(.text)
    EXTI15_10_IRQHandler                     0x080001a3   Thumb Code     0  startup_stm32f10x_md.o(.text)
    EXTI1_IRQHandler                         0x080001a3   Thumb Code     0  startup_stm32f10x_md.o(.text)
    EXTI2_IRQHandler                         0x080001a3   Thumb Code     0  startup_stm32f10x_md.o(.text)
    EXTI3_IRQHandler                         0x080001a3   Thumb Code     0  startup_stm32f10x_md.o(.text)
    EXTI4_IRQHandler                         0x080001a3   Thumb Code     0  startup_stm32f10x_md.o(.text)
    FLASH_IRQHandler                         0x080001a3   Thumb Code     0  startup_stm32f10x_md.o(.text)
    I2C1_ER_IRQHandler                       0x080001a3   Thumb Code     0  startup_stm32f10x_md.o(.text)
    I2C1_EV_IRQHandler                       0x080001a3   Thumb Code     0  startup_stm32f10x_md.o(.text)
    I2C2_ER_IRQHandler                       0x080001a3   Thumb Code     0  startup_stm32f10x_md.o(.text)
    I2C2_EV_IRQHandler                       0x080001a3   Thumb Code     0  startup_stm32f10x_md.o(.text)
    PVD_IRQHandler                           0x080001a3   Thumb Code     0  startup_stm32f10x_md.o(.text)
    RCC_IRQHandler                           0x080001a3   Thumb Code     0  startup_stm32f10x_md.o(.text)
    RTCAlarm_IRQHandler                      0x080001a3   Thumb Code     0  startup_stm32f10x_md.o(.text)
    RTC_IRQHandler                           0x080001a3   Thumb Code     0  startup_stm32f10x_md.o(.text)
    SPI1_IRQHandler                          0x080001a3   Thumb Code     0  startup_stm32f10x_md.o(.text)
    SPI2_IRQHandler                          0x080001a3   Thumb Code     0  startup_stm32f10x_md.o(.text)
    TAMPER_IRQHandler                        0x080001a3   Thumb Code     0  startup_stm32f10x_md.o(.text)
    TIM1_BRK_IRQHandler                      0x080001a3   Thumb Code     0  startup_stm32f10x_md.o(.text)
    TIM1_CC_IRQHandler                       0x080001a3   Thumb Code     0  startup_stm32f10x_md.o(.text)
    TIM1_TRG_COM_IRQHandler                  0x080001a3   Thumb Code     0  startup_stm32f10x_md.o(.text)
    TIM1_UP_IRQHandler                       0x080001a3   Thumb Code     0  startup_stm32f10x_md.o(.text)
    TIM3_IRQHandler                          0x080001a3   Thumb Code     0  startup_stm32f10x_md.o(.text)
    USART3_IRQHandler                        0x080001a3   Thumb Code     0  startup_stm32f10x_md.o(.text)
    USBWakeUp_IRQHandler                     0x080001a3   Thumb Code     0  startup_stm32f10x_md.o(.text)
    USB_HP_CAN1_TX_IRQHandler                0x080001a3   Thumb Code     0  startup_stm32f10x_md.o(.text)
    WWDG_IRQHandler                          0x080001a3   Thumb Code     0  startup_stm32f10x_md.o(.text)
    __user_initial_stackheap                 0x080001a5   Thumb Code     0  startup_stm32f10x_md.o(.text)
    NMI_Handler                              0x080001c9   Thumb Code     2  stm32f10x_it.o(.text)
    HardFault_Handler                        0x080001cb   Thumb Code     4  stm32f10x_it.o(.text)
    MemManage_Handler                        0x080001cf   Thumb Code     4  stm32f10x_it.o(.text)
    BusFault_Handler                         0x080001d3   Thumb Code     4  stm32f10x_it.o(.text)
    UsageFault_Handler                       0x080001d7   Thumb Code     4  stm32f10x_it.o(.text)
    SVC_Handler                              0x080001db   Thumb Code     2  stm32f10x_it.o(.text)
    DebugMon_Handler                         0x080001dd   Thumb Code     2  stm32f10x_it.o(.text)
    PendSV_Handler                           0x080001df   Thumb Code     2  stm32f10x_it.o(.text)
    SysTick_Handler                          0x080001e1   Thumb Code     2  stm32f10x_it.o(.text)
    USART1_IRQHandler                        0x080001e3   Thumb Code     2  stm32f10x_it.o(.text)
    USART2_IRQHandler                        0x080001e5   Thumb Code    40  stm32f10x_it.o(.text)
    TIM2_IRQHandler                          0x0800020d   Thumb Code   120  stm32f10x_it.o(.text)
    TIM4_IRQHandler                          0x08000285   Thumb Code    26  stm32f10x_it.o(.text)
    EXTI9_5_IRQHandler                       0x0800029f   Thumb Code     2  stm32f10x_it.o(.text)
    ADC1_2_IRQHandler                        0x080002a1   Thumb Code     2  stm32f10x_it.o(.text)
    USB_LP_CAN1_RX0_IRQHandler               0x080002a3   Thumb Code    20  stm32f10x_it.o(.text)
    SystemInit                               0x080003c7   Thumb Code    78  system_stm32f10x.o(.text)
    SystemCoreClockUpdate                    0x08000415   Thumb Code   142  system_stm32f10x.o(.text)
    Boot_Sequence                            0x080004c9   Thumb Code    44  main.o(.text)
    main                                     0x080004f5   Thumb Code   870  main.o(.text)
    TIMER2_Initialize                        0x08000889   Thumb Code    92  timer.o(.text)
    delay_ms                                 0x080008e5   Thumb Code    18  timer.o(.text)
    TIMER4_Initialize                        0x080008f7   Thumb Code    90  timer.o(.text)
    USART2_Initialize                        0x08000959   Thumb Code   154  usart.o(.text)
    USART2_PutChar                           0x080009f3   Thumb Code    28  usart.o(.text)
    USART2_PutWord                           0x08000a0f   Thumb Code    54  usart.o(.text)
    USART2_PutString                         0x08000a45   Thumb Code    22  usart.o(.text)
    LED_Master_Reset                         0x08000a65   Thumb Code    30  led.o(.text)
    LED_Initialize                           0x08000a83   Thumb Code   130  led.o(.text)
    LED_Shift_Data_Input                     0x08000b05   Thumb Code    30  led.o(.text)
    LED_Storage_Register_Clock_Input         0x08000b23   Thumb Code    30  led.o(.text)
    LED_Shift_Register_Clock_Input           0x08000b41   Thumb Code    30  led.o(.text)
    Refresh_All_LED                          0x08000b5f   Thumb Code   400  led.o(.text)
    LED_ALL_ON                               0x08000cef   Thumb Code    68  led.o(.text)
    LED_ALL_OFF                              0x08000d33   Thumb Code    66  led.o(.text)
    Buzzer_OFF                               0x08000d79   Thumb Code    20  buzzer.o(.text)
    Buzzer_Initialize                        0x08000d8d   Thumb Code    44  buzzer.o(.text)
    Buzzer_ON                                0x08000db9   Thumb Code    14  buzzer.o(.text)
    Chk_BuzzerTimer                          0x08000dc7   Thumb Code    42  buzzer.o(.text)
    power_Initialize                         0x08000dfd   Thumb Code   112  power.o(.text)
    shutdown_Sequence                        0x08000e6d   Thumb Code    72  power.o(.text)
    Chk_power_pin                            0x08000eb5   Thumb Code   122  power.o(.text)
    Chk_AutoPowerOff                         0x08000f2f   Thumb Code    48  power.o(.text)
    KeyInitPort                              0x08000f7d   Thumb Code   168  keyscan.o(.text)
    KeySelRow                                0x08001025   Thumb Code    68  keyscan.o(.text)
    KeyInit                                  0x08001069   Thumb Code    38  keyscan.o(.text)
    KeyGetCol                                0x0800108f   Thumb Code    16  keyscan.o(.text)
    KeyIsKeyDown                             0x0800109f   Thumb Code    30  keyscan.o(.text)
    KeyDecode                                0x080010bd   Thumb Code    98  keyscan.o(.text)
    KeyBufIn                                 0x0800111f   Thumb Code    50  keyscan.o(.text)
    KeyHit                                   0x08001151   Thumb Code    18  keyscan.o(.text)
    KeyGetKey                                0x08001163   Thumb Code    56  keyscan.o(.text)
    KeyScan_Thread                           0x0800119b   Thumb Code   466  keyscan.o(.text)
    keyscan_handler                          0x0800136d   Thumb Code   380  keyscan.o(.text)
    light_Initialize                         0x08001511   Thumb Code   130  light.o(.text)
    Head_Light_ON                            0x08001593   Thumb Code    12  light.o(.text)
    Head_Light_OFF                           0x0800159f   Thumb Code    12  light.o(.text)
    Right_Light_ON                           0x080015ab   Thumb Code    14  light.o(.text)
    Right_Light_OFF                          0x080015b9   Thumb Code    14  light.o(.text)
    Left_Light_ON                            0x080015c7   Thumb Code    14  light.o(.text)
    Left_Light_OFF                           0x080015d5   Thumb Code    14  light.o(.text)
    LighrCtr_Thread                          0x080015e3   Thumb Code   134  light.o(.text)
    CAN_Initialize                           0x08001679   Thumb Code   242  can.o(.text)
    CANdataRx_Thread                         0x0800176b   Thumb Code   308  can.o(.text)
    Chk_GoDown                               0x0800189f   Thumb Code    42  can.o(.text)
    Chk_ManAutoStatus                        0x080018c9   Thumb Code    32  can.o(.text)
    Chk_ManAuto_L                            0x080018e9   Thumb Code    14  can.o(.text)
    Chk_ManAuto_R                            0x080018f7   Thumb Code    14  can.o(.text)
    Chk_CANRecover                           0x08001905   Thumb Code    24  can.o(.text)
    Chk_CANActive                            0x0800191d   Thumb Code   114  can.o(.text)
    Chk_BatteryGage                          0x0800198f   Thumb Code   144  can.o(.text)
    CAN_Tx_data                              0x08001a1f   Thumb Code    52  can.o(.text)
    ADC1_Initialize                          0x08001aad   Thumb Code   308  adc.o(.text)
    LPF                                      0x08001be1   Thumb Code    54  adc.o(.text)
    SpeedRefCalc                             0x08001c17   Thumb Code  1996  adc.o(.text)
    NVIC_PriorityGroupConfig                 0x080023f5   Thumb Code    10  misc.o(.text)
    NVIC_Init                                0x080023ff   Thumb Code   100  misc.o(.text)
    NVIC_SetVectorTable                      0x08002463   Thumb Code    14  misc.o(.text)
    NVIC_SystemLPConfig                      0x08002471   Thumb Code    34  misc.o(.text)
    SysTick_CLKSourceConfig                  0x08002493   Thumb Code    40  misc.o(.text)
    ADC_DeInit                               0x080024d1   Thumb Code    78  stm32f10x_adc.o(.text)
    ADC_Init                                 0x0800251f   Thumb Code    70  stm32f10x_adc.o(.text)
    ADC_StructInit                           0x08002565   Thumb Code    18  stm32f10x_adc.o(.text)
    ADC_Cmd                                  0x08002577   Thumb Code    22  stm32f10x_adc.o(.text)
    ADC_DMACmd                               0x0800258d   Thumb Code    22  stm32f10x_adc.o(.text)
    ADC_ITConfig                             0x080025a3   Thumb Code    24  stm32f10x_adc.o(.text)
    ADC_ResetCalibration                     0x080025bb   Thumb Code    10  stm32f10x_adc.o(.text)
    ADC_GetResetCalibrationStatus            0x080025c5   Thumb Code    20  stm32f10x_adc.o(.text)
    ADC_StartCalibration                     0x080025d9   Thumb Code    10  stm32f10x_adc.o(.text)
    ADC_GetCalibrationStatus                 0x080025e3   Thumb Code    20  stm32f10x_adc.o(.text)
    ADC_SoftwareStartConvCmd                 0x080025f7   Thumb Code    22  stm32f10x_adc.o(.text)
    ADC_GetSoftwareStartConvStatus           0x0800260d   Thumb Code    20  stm32f10x_adc.o(.text)
    ADC_DiscModeChannelCountConfig           0x08002621   Thumb Code    24  stm32f10x_adc.o(.text)
    ADC_DiscModeCmd                          0x08002639   Thumb Code    22  stm32f10x_adc.o(.text)
    ADC_RegularChannelConfig                 0x0800264f   Thumb Code   184  stm32f10x_adc.o(.text)
    ADC_ExternalTrigConvCmd                  0x08002707   Thumb Code    22  stm32f10x_adc.o(.text)
    ADC_GetConversionValue                   0x0800271d   Thumb Code     8  stm32f10x_adc.o(.text)
    ADC_GetDualModeConversionValue           0x08002725   Thumb Code     8  stm32f10x_adc.o(.text)
    ADC_AutoInjectedConvCmd                  0x0800272d   Thumb Code    22  stm32f10x_adc.o(.text)
    ADC_InjectedDiscModeCmd                  0x08002743   Thumb Code    22  stm32f10x_adc.o(.text)
    ADC_ExternalTrigInjectedConvConfig       0x08002759   Thumb Code    16  stm32f10x_adc.o(.text)
    ADC_ExternalTrigInjectedConvCmd          0x08002769   Thumb Code    22  stm32f10x_adc.o(.text)
    ADC_SoftwareStartInjectedConvCmd         0x0800277f   Thumb Code    22  stm32f10x_adc.o(.text)
    ADC_GetSoftwareStartInjectedConvCmdStatus 0x08002795   Thumb Code    20  stm32f10x_adc.o(.text)
    ADC_InjectedChannelConfig                0x080027a9   Thumb Code   130  stm32f10x_adc.o(.text)
    ADC_InjectedSequencerLengthConfig        0x0800282b   Thumb Code    24  stm32f10x_adc.o(.text)
    ADC_SetInjectedOffset                    0x08002843   Thumb Code    20  stm32f10x_adc.o(.text)
    ADC_GetInjectedConversionValue           0x08002857   Thumb Code    28  stm32f10x_adc.o(.text)
    ADC_AnalogWatchdogCmd                    0x08002873   Thumb Code    16  stm32f10x_adc.o(.text)
    ADC_AnalogWatchdogThresholdsConfig       0x08002883   Thumb Code     6  stm32f10x_adc.o(.text)
    ADC_AnalogWatchdogSingleChannelConfig    0x08002889   Thumb Code    16  stm32f10x_adc.o(.text)
    ADC_TempSensorVrefintCmd                 0x08002899   Thumb Code    64  stm32f10x_adc.o(.text)
    ADC_GetFlagStatus                        0x080028d9   Thumb Code    18  stm32f10x_adc.o(.text)
    ADC_ClearFlag                            0x080028eb   Thumb Code     6  stm32f10x_adc.o(.text)
    ADC_GetITStatus                          0x080028f1   Thumb Code    36  stm32f10x_adc.o(.text)
    ADC_ClearITPendingBit                    0x08002915   Thumb Code    10  stm32f10x_adc.o(.text)
    CAN_DeInit                               0x08002921   Thumb Code    50  stm32f10x_can.o(.text)
    CAN_Init                                 0x08002953   Thumb Code   276  stm32f10x_can.o(.text)
    CAN_FilterInit                           0x08002a67   Thumb Code   258  stm32f10x_can.o(.text)
    CAN_StructInit                           0x08002b69   Thumb Code    32  stm32f10x_can.o(.text)
    CAN_SlaveStartBank                       0x08002b89   Thumb Code    48  stm32f10x_can.o(.text)
    CAN_DBGFreeze                            0x08002bb9   Thumb Code    22  stm32f10x_can.o(.text)
    CAN_TTComModeCmd                         0x08002bcf   Thumb Code   118  stm32f10x_can.o(.text)
    CAN_Transmit                             0x08002c45   Thumb Code   304  stm32f10x_can.o(.text)
    CAN_TransmitStatus                       0x08002d75   Thumb Code   138  stm32f10x_can.o(.text)
    CAN_CancelTransmit                       0x08002dff   Thumb Code    48  stm32f10x_can.o(.text)
    CAN_Receive                              0x08002e2f   Thumb Code   240  stm32f10x_can.o(.text)
    CAN_FIFORelease                          0x08002f1f   Thumb Code    22  stm32f10x_can.o(.text)
    CAN_MessagePending                       0x08002f35   Thumb Code    30  stm32f10x_can.o(.text)
    CAN_OperatingModeRequest                 0x08002f53   Thumb Code   162  stm32f10x_can.o(.text)
    CAN_Sleep                                0x08002ff5   Thumb Code    30  stm32f10x_can.o(.text)
    CAN_WakeUp                               0x08003013   Thumb Code    48  stm32f10x_can.o(.text)
    CAN_GetLastErrorCode                     0x08003043   Thumb Code    12  stm32f10x_can.o(.text)
    CAN_GetReceiveErrorCounter               0x0800304f   Thumb Code    10  stm32f10x_can.o(.text)
    CAN_GetLSBTransmitErrorCounter           0x08003059   Thumb Code    12  stm32f10x_can.o(.text)
    CAN_ITConfig                             0x08003065   Thumb Code    18  stm32f10x_can.o(.text)
    CAN_GetFlagStatus                        0x08003077   Thumb Code   120  stm32f10x_can.o(.text)
    CAN_ClearFlag                            0x080030ef   Thumb Code    52  stm32f10x_can.o(.text)
    CAN_GetITStatus                          0x08003135   Thumb Code   310  stm32f10x_can.o(.text)
    CAN_ClearITPendingBit                    0x0800326b   Thumb Code   162  stm32f10x_can.o(.text)
    DMA_DeInit                               0x08003311   Thumb Code   324  stm32f10x_dma.o(.text)
    DMA_Init                                 0x08003455   Thumb Code    60  stm32f10x_dma.o(.text)
    DMA_StructInit                           0x08003491   Thumb Code    26  stm32f10x_dma.o(.text)
    DMA_Cmd                                  0x080034ab   Thumb Code    24  stm32f10x_dma.o(.text)
    DMA_ITConfig                             0x080034c3   Thumb Code    18  stm32f10x_dma.o(.text)
    DMA_SetCurrDataCounter                   0x080034d5   Thumb Code     4  stm32f10x_dma.o(.text)
    DMA_GetCurrDataCounter                   0x080034d9   Thumb Code     8  stm32f10x_dma.o(.text)
    DMA_GetFlagStatus                        0x080034e1   Thumb Code    40  stm32f10x_dma.o(.text)
    DMA_ClearFlag                            0x08003509   Thumb Code    22  stm32f10x_dma.o(.text)
    DMA_GetITStatus                          0x0800351f   Thumb Code    40  stm32f10x_dma.o(.text)
    DMA_ClearITPendingBit                    0x08003547   Thumb Code    22  stm32f10x_dma.o(.text)
    GPIO_DeInit                              0x08003565   Thumb Code   172  stm32f10x_gpio.o(.text)
    GPIO_AFIODeInit                          0x08003611   Thumb Code    20  stm32f10x_gpio.o(.text)
    GPIO_Init                                0x08003625   Thumb Code   278  stm32f10x_gpio.o(.text)
    GPIO_StructInit                          0x0800373b   Thumb Code    16  stm32f10x_gpio.o(.text)
    GPIO_ReadInputDataBit                    0x0800374b   Thumb Code    18  stm32f10x_gpio.o(.text)
    GPIO_ReadInputData                       0x0800375d   Thumb Code     8  stm32f10x_gpio.o(.text)
    GPIO_ReadOutputDataBit                   0x08003765   Thumb Code    18  stm32f10x_gpio.o(.text)
    GPIO_ReadOutputData                      0x08003777   Thumb Code     8  stm32f10x_gpio.o(.text)
    GPIO_SetBits                             0x0800377f   Thumb Code     4  stm32f10x_gpio.o(.text)
    GPIO_ResetBits                           0x08003783   Thumb Code     4  stm32f10x_gpio.o(.text)
    GPIO_WriteBit                            0x08003787   Thumb Code    10  stm32f10x_gpio.o(.text)
    GPIO_Write                               0x08003791   Thumb Code     4  stm32f10x_gpio.o(.text)
    GPIO_PinLockConfig                       0x08003795   Thumb Code    18  stm32f10x_gpio.o(.text)
    GPIO_EventOutputConfig                   0x080037a7   Thumb Code    26  stm32f10x_gpio.o(.text)
    GPIO_EventOutputCmd                      0x080037c1   Thumb Code     6  stm32f10x_gpio.o(.text)
    GPIO_PinRemapConfig                      0x080037c7   Thumb Code   138  stm32f10x_gpio.o(.text)
    GPIO_EXTILineConfig                      0x08003851   Thumb Code    66  stm32f10x_gpio.o(.text)
    GPIO_ETH_MediaInterfaceConfig            0x08003893   Thumb Code     8  stm32f10x_gpio.o(.text)
    RCC_DeInit                               0x080038c1   Thumb Code    64  stm32f10x_rcc.o(.text)
    RCC_HSEConfig                            0x08003901   Thumb Code    70  stm32f10x_rcc.o(.text)
    RCC_GetFlagStatus                        0x08003947   Thumb Code    56  stm32f10x_rcc.o(.text)
    RCC_WaitForHSEStartUp                    0x0800397f   Thumb Code    56  stm32f10x_rcc.o(.text)
    RCC_AdjustHSICalibrationValue            0x080039b7   Thumb Code    20  stm32f10x_rcc.o(.text)
    RCC_HSICmd                               0x080039cb   Thumb Code     6  stm32f10x_rcc.o(.text)
    RCC_PLLConfig                            0x080039d1   Thumb Code    24  stm32f10x_rcc.o(.text)
    RCC_PLLCmd                               0x080039e9   Thumb Code     6  stm32f10x_rcc.o(.text)
    RCC_SYSCLKConfig                         0x080039ef   Thumb Code    18  stm32f10x_rcc.o(.text)
    RCC_GetSYSCLKSource                      0x08003a01   Thumb Code    10  stm32f10x_rcc.o(.text)
    RCC_HCLKConfig                           0x08003a0b   Thumb Code    18  stm32f10x_rcc.o(.text)
    RCC_PCLK1Config                          0x08003a1d   Thumb Code    18  stm32f10x_rcc.o(.text)
    RCC_PCLK2Config                          0x08003a2f   Thumb Code    20  stm32f10x_rcc.o(.text)
    RCC_ITConfig                             0x08003a43   Thumb Code    26  stm32f10x_rcc.o(.text)
    RCC_USBCLKConfig                         0x08003a5d   Thumb Code     8  stm32f10x_rcc.o(.text)
    RCC_ADCCLKConfig                         0x08003a65   Thumb Code    18  stm32f10x_rcc.o(.text)
    RCC_LSEConfig                            0x08003a77   Thumb Code    50  stm32f10x_rcc.o(.text)
    RCC_LSICmd                               0x08003aa9   Thumb Code     6  stm32f10x_rcc.o(.text)
    RCC_RTCCLKConfig                         0x08003aaf   Thumb Code    12  stm32f10x_rcc.o(.text)
    RCC_RTCCLKCmd                            0x08003abb   Thumb Code     8  stm32f10x_rcc.o(.text)
    RCC_GetClocksFreq                        0x08003ac3   Thumb Code   192  stm32f10x_rcc.o(.text)
    RCC_AHBPeriphClockCmd                    0x08003b83   Thumb Code    26  stm32f10x_rcc.o(.text)
    RCC_APB2PeriphClockCmd                   0x08003b9d   Thumb Code    26  stm32f10x_rcc.o(.text)
    RCC_APB1PeriphClockCmd                   0x08003bb7   Thumb Code    26  stm32f10x_rcc.o(.text)
    RCC_APB2PeriphResetCmd                   0x08003bd1   Thumb Code    26  stm32f10x_rcc.o(.text)
    RCC_APB1PeriphResetCmd                   0x08003beb   Thumb Code    26  stm32f10x_rcc.o(.text)
    RCC_BackupResetCmd                       0x08003c05   Thumb Code     8  stm32f10x_rcc.o(.text)
    RCC_ClockSecuritySystemCmd               0x08003c0d   Thumb Code     6  stm32f10x_rcc.o(.text)
    RCC_MCOConfig                            0x08003c13   Thumb Code     6  stm32f10x_rcc.o(.text)
    RCC_ClearFlag                            0x08003c19   Thumb Code    14  stm32f10x_rcc.o(.text)
    RCC_GetITStatus                          0x08003c27   Thumb Code    20  stm32f10x_rcc.o(.text)
    RCC_ClearITPendingBit                    0x08003c3b   Thumb Code     6  stm32f10x_rcc.o(.text)
    TIM_DeInit                               0x08003c65   Thumb Code   424  stm32f10x_tim.o(.text)
    TIM_TimeBaseInit                         0x08003e0d   Thumb Code   122  stm32f10x_tim.o(.text)
    TIM_OC1Init                              0x08003e87   Thumb Code   132  stm32f10x_tim.o(.text)
    TIM_OC2Init                              0x08003f0b   Thumb Code   154  stm32f10x_tim.o(.text)
    TIM_OC3Init                              0x08003fa5   Thumb Code   150  stm32f10x_tim.o(.text)
    TIM_OC4Init                              0x0800403b   Thumb Code   182  stm32f10x_tim.o(.text)
    TIM_SetIC4Prescaler                      0x080040f1   Thumb Code    26  stm32f10x_tim.o(.text)
    TIM_SetIC3Prescaler                      0x0800418d   Thumb Code    18  stm32f10x_tim.o(.text)
    TIM_SetIC2Prescaler                      0x08004219   Thumb Code    26  stm32f10x_tim.o(.text)
    TIM_SetIC1Prescaler                      0x080042b5   Thumb Code    18  stm32f10x_tim.o(.text)
    TIM_ICInit                               0x08004333   Thumb Code   150  stm32f10x_tim.o(.text)
    TIM_PWMIConfig                           0x080043c9   Thumb Code   124  stm32f10x_tim.o(.text)
    TIM_BDTRConfig                           0x08004445   Thumb Code    32  stm32f10x_tim.o(.text)
    TIM_TimeBaseStructInit                   0x08004465   Thumb Code    18  stm32f10x_tim.o(.text)
    TIM_OCStructInit                         0x08004477   Thumb Code    20  stm32f10x_tim.o(.text)
    TIM_ICStructInit                         0x0800448b   Thumb Code    18  stm32f10x_tim.o(.text)
    TIM_BDTRStructInit                       0x0800449d   Thumb Code    40  stm32f10x_tim.o(.text)
    TIM_Cmd                                  0x080044c5   Thumb Code    24  stm32f10x_tim.o(.text)
    TIM_CtrlPWMOutputs                       0x080044dd   Thumb Code    30  stm32f10x_tim.o(.text)
    TIM_ITConfig                             0x080044fb   Thumb Code    18  stm32f10x_tim.o(.text)
    TIM_GenerateEvent                        0x0800450d   Thumb Code     4  stm32f10x_tim.o(.text)
    TIM_DMAConfig                            0x08004511   Thumb Code    10  stm32f10x_tim.o(.text)
    TIM_DMACmd                               0x0800451b   Thumb Code    18  stm32f10x_tim.o(.text)
    TIM_InternalClockConfig                  0x0800452d   Thumb Code    12  stm32f10x_tim.o(.text)
    TIM_SelectInputTrigger                   0x08004539   Thumb Code    18  stm32f10x_tim.o(.text)
    TIM_ITRxExternalClockConfig              0x0800454b   Thumb Code    24  stm32f10x_tim.o(.text)
    TIM_TIxExternalClockConfig               0x08004563   Thumb Code    62  stm32f10x_tim.o(.text)
    TIM_ETRConfig                            0x080045a1   Thumb Code    28  stm32f10x_tim.o(.text)
    TIM_ETRClockMode1Config                  0x080045bd   Thumb Code    54  stm32f10x_tim.o(.text)
    TIM_ETRClockMode2Config                  0x080045f3   Thumb Code    32  stm32f10x_tim.o(.text)
    TIM_PrescalerConfig                      0x08004613   Thumb Code     6  stm32f10x_tim.o(.text)
    TIM_CounterModeConfig                    0x08004619   Thumb Code    18  stm32f10x_tim.o(.text)
    TIM_EncoderInterfaceConfig               0x0800462b   Thumb Code    66  stm32f10x_tim.o(.text)
    TIM_ForcedOC1Config                      0x0800466d   Thumb Code    18  stm32f10x_tim.o(.text)
    TIM_ForcedOC2Config                      0x0800467f   Thumb Code    26  stm32f10x_tim.o(.text)
    TIM_ForcedOC3Config                      0x08004699   Thumb Code    18  stm32f10x_tim.o(.text)
    TIM_ForcedOC4Config                      0x080046ab   Thumb Code    26  stm32f10x_tim.o(.text)
    TIM_ARRPreloadConfig                     0x080046c5   Thumb Code    24  stm32f10x_tim.o(.text)
    TIM_SelectCOM                            0x080046dd   Thumb Code    24  stm32f10x_tim.o(.text)
    TIM_SelectCCDMA                          0x080046f5   Thumb Code    24  stm32f10x_tim.o(.text)
    TIM_CCPreloadControl                     0x0800470d   Thumb Code    24  stm32f10x_tim.o(.text)
    TIM_OC1PreloadConfig                     0x08004725   Thumb Code    18  stm32f10x_tim.o(.text)
    TIM_OC2PreloadConfig                     0x08004737   Thumb Code    26  stm32f10x_tim.o(.text)
    TIM_OC3PreloadConfig                     0x08004751   Thumb Code    18  stm32f10x_tim.o(.text)
    TIM_OC4PreloadConfig                     0x08004763   Thumb Code    26  stm32f10x_tim.o(.text)
    TIM_OC1FastConfig                        0x0800477d   Thumb Code    18  stm32f10x_tim.o(.text)
    TIM_OC2FastConfig                        0x0800478f   Thumb Code    26  stm32f10x_tim.o(.text)
    TIM_OC3FastConfig                        0x080047a9   Thumb Code    18  stm32f10x_tim.o(.text)
    TIM_OC4FastConfig                        0x080047bb   Thumb Code    26  stm32f10x_tim.o(.text)
    TIM_ClearOC1Ref                          0x080047d5   Thumb Code    18  stm32f10x_tim.o(.text)
    TIM_ClearOC2Ref                          0x080047e7   Thumb Code    24  stm32f10x_tim.o(.text)
    TIM_ClearOC3Ref                          0x080047ff   Thumb Code    18  stm32f10x_tim.o(.text)
    TIM_ClearOC4Ref                          0x08004811   Thumb Code    24  stm32f10x_tim.o(.text)
    TIM_OC1PolarityConfig                    0x08004829   Thumb Code    18  stm32f10x_tim.o(.text)
    TIM_OC1NPolarityConfig                   0x0800483b   Thumb Code    18  stm32f10x_tim.o(.text)
    TIM_OC2PolarityConfig                    0x0800484d   Thumb Code    26  stm32f10x_tim.o(.text)
    TIM_OC2NPolarityConfig                   0x08004867   Thumb Code    26  stm32f10x_tim.o(.text)
    TIM_OC3PolarityConfig                    0x08004881   Thumb Code    26  stm32f10x_tim.o(.text)
    TIM_OC3NPolarityConfig                   0x0800489b   Thumb Code    26  stm32f10x_tim.o(.text)
    TIM_OC4PolarityConfig                    0x080048b5   Thumb Code    26  stm32f10x_tim.o(.text)
    TIM_CCxCmd                               0x080048cf   Thumb Code    30  stm32f10x_tim.o(.text)
    TIM_CCxNCmd                              0x080048ed   Thumb Code    30  stm32f10x_tim.o(.text)
    TIM_SelectOCxM                           0x0800490b   Thumb Code    82  stm32f10x_tim.o(.text)
    TIM_UpdateDisableConfig                  0x0800495d   Thumb Code    24  stm32f10x_tim.o(.text)
    TIM_UpdateRequestConfig                  0x08004975   Thumb Code    24  stm32f10x_tim.o(.text)
    TIM_SelectHallSensor                     0x0800498d   Thumb Code    24  stm32f10x_tim.o(.text)
    TIM_SelectOnePulseMode                   0x080049a5   Thumb Code    18  stm32f10x_tim.o(.text)
    TIM_SelectOutputTrigger                  0x080049b7   Thumb Code    18  stm32f10x_tim.o(.text)
    TIM_SelectSlaveMode                      0x080049c9   Thumb Code    18  stm32f10x_tim.o(.text)
    TIM_SelectMasterSlaveMode                0x080049db   Thumb Code    18  stm32f10x_tim.o(.text)
    TIM_SetCounter                           0x080049ed   Thumb Code     4  stm32f10x_tim.o(.text)
    TIM_SetAutoreload                        0x080049f1   Thumb Code     4  stm32f10x_tim.o(.text)
    TIM_SetCompare1                          0x080049f5   Thumb Code     4  stm32f10x_tim.o(.text)
    TIM_SetCompare2                          0x080049f9   Thumb Code     4  stm32f10x_tim.o(.text)
    TIM_SetCompare3                          0x080049fd   Thumb Code     4  stm32f10x_tim.o(.text)
    TIM_SetCompare4                          0x08004a01   Thumb Code     6  stm32f10x_tim.o(.text)
    TIM_SetClockDivision                     0x08004a07   Thumb Code    18  stm32f10x_tim.o(.text)
    TIM_GetCapture1                          0x08004a19   Thumb Code     6  stm32f10x_tim.o(.text)
    TIM_GetCapture2                          0x08004a1f   Thumb Code     6  stm32f10x_tim.o(.text)
    TIM_GetCapture3                          0x08004a25   Thumb Code     6  stm32f10x_tim.o(.text)
    TIM_GetCapture4                          0x08004a2b   Thumb Code     8  stm32f10x_tim.o(.text)
    TIM_GetCounter                           0x08004a33   Thumb Code     6  stm32f10x_tim.o(.text)
    TIM_GetPrescaler                         0x08004a39   Thumb Code     6  stm32f10x_tim.o(.text)
    TIM_GetFlagStatus                        0x08004a3f   Thumb Code    18  stm32f10x_tim.o(.text)
    TIM_ClearFlag                            0x08004a51   Thumb Code     6  stm32f10x_tim.o(.text)
    TIM_GetITStatus                          0x08004a57   Thumb Code    34  stm32f10x_tim.o(.text)
    TIM_ClearITPendingBit                    0x08004a79   Thumb Code     6  stm32f10x_tim.o(.text)
    USART_DeInit                             0x08004a81   Thumb Code   134  stm32f10x_usart.o(.text)
    USART_Init                               0x08004b07   Thumb Code   210  stm32f10x_usart.o(.text)
    USART_StructInit                         0x08004bd9   Thumb Code    24  stm32f10x_usart.o(.text)
    USART_ClockInit                          0x08004bf1   Thumb Code    34  stm32f10x_usart.o(.text)
    USART_ClockStructInit                    0x08004c13   Thumb Code    12  stm32f10x_usart.o(.text)
    USART_Cmd                                0x08004c1f   Thumb Code    24  stm32f10x_usart.o(.text)
    USART_ITConfig                           0x08004c37   Thumb Code    74  stm32f10x_usart.o(.text)
    USART_DMACmd                             0x08004c81   Thumb Code    18  stm32f10x_usart.o(.text)
    USART_SetAddress                         0x08004c93   Thumb Code    18  stm32f10x_usart.o(.text)
    USART_WakeUpConfig                       0x08004ca5   Thumb Code    18  stm32f10x_usart.o(.text)
    USART_ReceiverWakeUpCmd                  0x08004cb7   Thumb Code    24  stm32f10x_usart.o(.text)
    USART_LINBreakDetectLengthConfig         0x08004ccf   Thumb Code    18  stm32f10x_usart.o(.text)
    USART_LINCmd                             0x08004ce1   Thumb Code    24  stm32f10x_usart.o(.text)
    USART_SendData                           0x08004cf9   Thumb Code     8  stm32f10x_usart.o(.text)
    USART_ReceiveData                        0x08004d01   Thumb Code    10  stm32f10x_usart.o(.text)
    USART_SendBreak                          0x08004d0b   Thumb Code    10  stm32f10x_usart.o(.text)
    USART_SetGuardTime                       0x08004d15   Thumb Code    16  stm32f10x_usart.o(.text)
    USART_SetPrescaler                       0x08004d25   Thumb Code    16  stm32f10x_usart.o(.text)
    USART_SmartCardCmd                       0x08004d35   Thumb Code    24  stm32f10x_usart.o(.text)
    USART_SmartCardNACKCmd                   0x08004d4d   Thumb Code    24  stm32f10x_usart.o(.text)
    USART_HalfDuplexCmd                      0x08004d65   Thumb Code    24  stm32f10x_usart.o(.text)
    USART_OverSampling8Cmd                   0x08004d7d   Thumb Code    22  stm32f10x_usart.o(.text)
    USART_OneBitMethodCmd                    0x08004d93   Thumb Code    24  stm32f10x_usart.o(.text)
    USART_IrDAConfig                         0x08004dab   Thumb Code    18  stm32f10x_usart.o(.text)
    USART_IrDACmd                            0x08004dbd   Thumb Code    24  stm32f10x_usart.o(.text)
    USART_GetFlagStatus                      0x08004dd5   Thumb Code    26  stm32f10x_usart.o(.text)
    USART_ClearFlag                          0x08004def   Thumb Code    18  stm32f10x_usart.o(.text)
    USART_GetITStatus                        0x08004e01   Thumb Code    84  stm32f10x_usart.o(.text)
    USART_ClearITPendingBit                  0x08004e55   Thumb Code    52  stm32f10x_usart.o(.text)
    __use_two_region_memory                  0x08004e89   Thumb Code     2  heapauxi.o(.text)
    __rt_heap_escrow$2region                 0x08004e8b   Thumb Code     2  heapauxi.o(.text)
    __rt_heap_expand$2region                 0x08004e8d   Thumb Code     2  heapauxi.o(.text)
    __user_setup_stackheap                   0x08004e8f   Thumb Code    74  sys_stackheap_outer.o(.text)
    exit                                     0x08004ed9   Thumb Code    18  exit.o(.text)
    __user_libspace                          0x08004eed   Thumb Code     8  libspace.o(.text)
    __user_perproc_libspace                  0x08004eed   Thumb Code     0  libspace.o(.text)
    __user_perthread_libspace                0x08004eed   Thumb Code     0  libspace.o(.text)
    _sys_exit                                0x08004ef5   Thumb Code     8  sys_exit.o(.text)
    __I$use$semihosting                      0x08004f01   Thumb Code     0  use_no_semi.o(.text)
    __use_no_semihosting_swi                 0x08004f01   Thumb Code     2  use_no_semi.o(.text)
    __semihosting_library_function           0x08004f03   Thumb Code     0  indicate_semi.o(.text)
    __aeabi_dadd                             0x08004f05   Thumb Code     0  daddsub_clz.o(x$fpl$dadd)
    _dadd                                    0x08004f05   Thumb Code   332  daddsub_clz.o(x$fpl$dadd)
    __aeabi_ddiv                             0x08005055   Thumb Code     0  ddiv.o(x$fpl$ddiv)
    _ddiv                                    0x08005055   Thumb Code   552  ddiv.o(x$fpl$ddiv)
    __aeabi_d2iz                             0x08005305   Thumb Code     0  dfix.o(x$fpl$dfix)
    _dfix                                    0x08005305   Thumb Code    94  dfix.o(x$fpl$dfix)
    __aeabi_dmul                             0x08005365   Thumb Code     0  dmul.o(x$fpl$dmul)
    _dmul                                    0x08005365   Thumb Code   332  dmul.o(x$fpl$dmul)
    __fpl_dnaninf                            0x080054b9   Thumb Code   156  dnaninf.o(x$fpl$dnaninf)
    __fpl_dretinf                            0x08005555   Thumb Code    12  dretinf.o(x$fpl$dretinf)
    __aeabi_dsub                             0x08005561   Thumb Code     0  daddsub_clz.o(x$fpl$dsub)
    _dsub                                    0x08005561   Thumb Code   464  daddsub_clz.o(x$fpl$dsub)
    __aeabi_f2d                              0x08005735   Thumb Code     0  f2d.o(x$fpl$f2d)
    _f2d                                     0x08005735   Thumb Code    86  f2d.o(x$fpl$f2d)
    __aeabi_fadd                             0x0800578d   Thumb Code     0  faddsub_clz.o(x$fpl$fadd)
    _fadd                                    0x0800578d   Thumb Code   196  faddsub_clz.o(x$fpl$fadd)
    __fpl_fcmp_Inf                           0x08005851   Thumb Code    24  fcmpi.o(x$fpl$fcmpinf)
    __aeabi_fdiv                             0x08005869   Thumb Code     0  fdiv.o(x$fpl$fdiv)
    _fdiv                                    0x08005869   Thumb Code   384  fdiv.o(x$fpl$fdiv)
    __aeabi_cfcmpeq                          0x080059ed   Thumb Code     0  feqf.o(x$fpl$feqf)
    _fcmpeq                                  0x080059ed   Thumb Code   104  feqf.o(x$fpl$feqf)
    __aeabi_f2iz                             0x08005a55   Thumb Code     0  ffix.o(x$fpl$ffix)
    _ffix                                    0x08005a55   Thumb Code    54  ffix.o(x$fpl$ffix)
    __aeabi_i2f                              0x08005a8d   Thumb Code     0  fflt_clz.o(x$fpl$fflt)
    _fflt                                    0x08005a8d   Thumb Code    48  fflt_clz.o(x$fpl$fflt)
    __aeabi_ui2f                             0x08005abd   Thumb Code     0  fflt_clz.o(x$fpl$ffltu)
    _ffltu                                   0x08005abd   Thumb Code    38  fflt_clz.o(x$fpl$ffltu)
    __aeabi_cfcmple                          0x08005ae5   Thumb Code     0  fleqf.o(x$fpl$fleqf)
    _fcmple                                  0x08005ae5   Thumb Code   104  fleqf.o(x$fpl$fleqf)
    __fpl_fcmple_InfNaN                      0x08005b37   Thumb Code     0  fleqf.o(x$fpl$fleqf)
    __aeabi_fmul                             0x08005b4d   Thumb Code     0  fmul.o(x$fpl$fmul)
    _fmul                                    0x08005b4d   Thumb Code   258  fmul.o(x$fpl$fmul)
    __fpl_fnaninf                            0x08005c4f   Thumb Code   140  fnaninf.o(x$fpl$fnaninf)
    __fpl_fretinf                            0x08005cdb   Thumb Code    10  fretinf.o(x$fpl$fretinf)
    __aeabi_cfrcmple                         0x08005ce5   Thumb Code     0  frleqf.o(x$fpl$frleqf)
    _frcmple                                 0x08005ce5   Thumb Code    98  frleqf.o(x$fpl$frleqf)
    __aeabi_fsub                             0x08005d49   Thumb Code     0  faddsub_clz.o(x$fpl$fsub)
    _fsub                                    0x08005d49   Thumb Code   234  faddsub_clz.o(x$fpl$fsub)
    __I$use$fp                               0x08005e32   Number         0  usenofp.o(x$fpl$usenofp)
    Region$$Table$$Base                      0x08005e34   Number         0  anon$$obj.o(Region$$Table)
    Region$$Table$$Limit                     0x08005e54   Number         0  anon$$obj.o(Region$$Table)
    SystemCoreClock                          0x20000000   Data           4  system_stm32f10x.o(.data)
    AHBPrescTable                            0x20000004   Data          16  system_stm32f10x.o(.data)
    mode                                     0x20000014   Data           1  main.o(.data)
    speed                                    0x20000015   Data           1  main.o(.data)
    battery                                  0x20000016   Data           1  main.o(.data)
    data                                     0x20000017   Data           8  main.o(.data)
    data2                                    0x2000001f   Data           8  main.o(.data)
    data3                                    0x20000027   Data           8  main.o(.data)
    errcode                                  0x20000030   Data           4  main.o(.data)
    CAN_flag_L                               0x20000034   Data           1  main.o(.data)
    CAN_flag_R                               0x20000035   Data           1  main.o(.data)
    suslv                                    0x20000036   Data           1  main.o(.data)
    sus_flag_L                               0x20000037   Data           1  main.o(.data)
    sus_flag_R                               0x20000038   Data           1  main.o(.data)
    Timer2_Counter                           0x2000003c   Data           4  timer.o(.data)
    Timer2_10msec_Cnt                        0x20000040   Data           1  timer.o(.data)
    flag_10msec                              0x20000041   Data           1  timer.o(.data)
    Timer2_100msec_Cnt                       0x20000042   Data           1  timer.o(.data)
    flag_100msec                             0x20000043   Data           1  timer.o(.data)
    Timer2_500msec_Cnt                       0x20000044   Data           4  timer.o(.data)
    flag_500msec                             0x20000048   Data           1  timer.o(.data)
    BuzzerTimer                              0x2000004c   Data           4  buzzer.o(.data)
    BuzzerOccupation                         0x20000050   Data           1  buzzer.o(.data)
    Lignting_mode                            0x20000069   Data           1  light.o(.data)
    can_rx_flag                              0x2000006c   Data           1  can.o(.data)
    batt_left                                0x2000006e   Data           2  can.o(.data)
    batt_right                               0x20000070   Data           2  can.o(.data)
    rpm_left                                 0x20000072   Data           2  can.o(.data)
    rpm_right                                0x20000074   Data           2  can.o(.data)
    manauto_left                             0x20000076   Data           1  can.o(.data)
    manauto_right                            0x20000077   Data           1  can.o(.data)
    curr_left                                0x20000078   Data           1  can.o(.data)
    curr_right                               0x20000079   Data           1  can.o(.data)
    TxMessage                                0x200000ac   Data          20  can.o(.bss)
    RxMessage                                0x200000c0   Data          20  can.o(.bss)
    ADC_DualConvertedValueTab                0x200000d4   Data          12  adc.o(.bss)
    __libspace_start                         0x200000e0   Data          96  libspace.o(.bss)
    __temporary_stack_top$libspace           0x20000140   Data           0  libspace.o(.bss)



==============================================================================

Memory Map of the image

  Image Entry point : 0x080000ed

  Load Region LR_IROM1 (Base: 0x08000000, Size: 0x00005ef4, Max: 0x00020000, ABSOLUTE)

    Execution Region ER_IROM1 (Exec base: 0x08000000, Load base: 0x08000000, Size: 0x00005e54, Max: 0x00020000, ABSOLUTE)

    Exec Addr    Load Addr    Size         Type   Attr      Idx    E Section Name        Object

    0x08000000   0x08000000   0x000000ec   Data   RO            3    RESET               startup_stm32f10x_md.o
    0x080000ec   0x080000ec   0x00000008   Code   RO          594  * !!!main             c_w.l(__main.o)
    0x080000f4   0x080000f4   0x00000034   Code   RO          808    !!!scatter          c_w.l(__scatter.o)
    0x08000128   0x08000128   0x0000001a   Code   RO          810    !!handler_copy      c_w.l(__scatter_copy.o)
    0x08000142   0x08000142   0x00000002   PAD
    0x08000144   0x08000144   0x0000001c   Code   RO          812    !!handler_zi        c_w.l(__scatter_zi.o)
    0x08000160   0x08000160   0x00000002   Code   RO          678    .ARM.Collect$$libinit$$00000000  c_w.l(libinit.o)
    0x08000162   0x08000162   0x00000000   Code   RO          685    .ARM.Collect$$libinit$$00000002  c_w.l(libinit2.o)
    0x08000162   0x08000162   0x00000000   Code   RO          687    .ARM.Collect$$libinit$$00000004  c_w.l(libinit2.o)
    0x08000162   0x08000162   0x00000000   Code   RO          690    .ARM.Collect$$libinit$$0000000A  c_w.l(libinit2.o)
    0x08000162   0x08000162   0x00000000   Code   RO          692    .ARM.Collect$$libinit$$0000000C  c_w.l(libinit2.o)
    0x08000162   0x08000162   0x00000000   Code   RO          694    .ARM.Collect$$libinit$$0000000E  c_w.l(libinit2.o)
    0x08000162   0x08000162   0x00000000   Code   RO          697    .ARM.Collect$$libinit$$00000011  c_w.l(libinit2.o)
    0x08000162   0x08000162   0x00000000   Code   RO          699    .ARM.Collect$$libinit$$00000013  c_w.l(libinit2.o)
    0x08000162   0x08000162   0x00000000   Code   RO          701    .ARM.Collect$$libinit$$00000015  c_w.l(libinit2.o)
    0x08000162   0x08000162   0x00000000   Code   RO          703    .ARM.Collect$$libinit$$00000017  c_w.l(libinit2.o)
    0x08000162   0x08000162   0x00000000   Code   RO          705    .ARM.Collect$$libinit$$00000019  c_w.l(libinit2.o)
    0x08000162   0x08000162   0x00000000   Code   RO          707    .ARM.Collect$$libinit$$0000001B  c_w.l(libinit2.o)
    0x08000162   0x08000162   0x00000000   Code   RO          709    .ARM.Collect$$libinit$$0000001D  c_w.l(libinit2.o)
    0x08000162   0x08000162   0x00000000   Code   RO          711    .ARM.Collect$$libinit$$0000001F  c_w.l(libinit2.o)
    0x08000162   0x08000162   0x00000000   Code   RO          713    .ARM.Collect$$libinit$$00000021  c_w.l(libinit2.o)
    0x08000162   0x08000162   0x00000000   Code   RO          715    .ARM.Collect$$libinit$$00000023  c_w.l(libinit2.o)
    0x08000162   0x08000162   0x00000000   Code   RO          717    .ARM.Collect$$libinit$$00000025  c_w.l(libinit2.o)
    0x08000162   0x08000162   0x00000000   Code   RO          721    .ARM.Collect$$libinit$$0000002C  c_w.l(libinit2.o)
    0x08000162   0x08000162   0x00000000   Code   RO          723    .ARM.Collect$$libinit$$0000002E  c_w.l(libinit2.o)
    0x08000162   0x08000162   0x00000000   Code   RO          725    .ARM.Collect$$libinit$$00000030  c_w.l(libinit2.o)
    0x08000162   0x08000162   0x00000000   Code   RO          727    .ARM.Collect$$libinit$$00000032  c_w.l(libinit2.o)
    0x08000162   0x08000162   0x00000002   Code   RO          728    .ARM.Collect$$libinit$$00000033  c_w.l(libinit2.o)
    0x08000164   0x08000164   0x00000002   Code   RO          748    .ARM.Collect$$libshutdown$$00000000  c_w.l(libshutdown.o)
    0x08000166   0x08000166   0x00000000   Code   RO          761    .ARM.Collect$$libshutdown$$00000002  c_w.l(libshutdown2.o)
    0x08000166   0x08000166   0x00000000   Code   RO          763    .ARM.Collect$$libshutdown$$00000004  c_w.l(libshutdown2.o)
    0x08000166   0x08000166   0x00000000   Code   RO          766    .ARM.Collect$$libshutdown$$00000007  c_w.l(libshutdown2.o)
    0x08000166   0x08000166   0x00000000   Code   RO          769    .ARM.Collect$$libshutdown$$0000000A  c_w.l(libshutdown2.o)
    0x08000166   0x08000166   0x00000000   Code   RO          771    .ARM.Collect$$libshutdown$$0000000C  c_w.l(libshutdown2.o)
    0x08000166   0x08000166   0x00000000   Code   RO          774    .ARM.Collect$$libshutdown$$0000000F  c_w.l(libshutdown2.o)
    0x08000166   0x08000166   0x00000002   Code   RO          775    .ARM.Collect$$libshutdown$$00000010  c_w.l(libshutdown2.o)
    0x08000168   0x08000168   0x00000000   Code   RO          642    .ARM.Collect$$rtentry$$00000000  c_w.l(__rtentry.o)
    0x08000168   0x08000168   0x00000000   Code   RO          655    .ARM.Collect$$rtentry$$00000002  c_w.l(__rtentry2.o)
    0x08000168   0x08000168   0x00000006   Code   RO          667    .ARM.Collect$$rtentry$$00000004  c_w.l(__rtentry4.o)
    0x0800016e   0x0800016e   0x00000000   Code   RO          657    .ARM.Collect$$rtentry$$00000009  c_w.l(__rtentry2.o)
    0x0800016e   0x0800016e   0x00000004   Code   RO          658    .ARM.Collect$$rtentry$$0000000A  c_w.l(__rtentry2.o)
    0x08000172   0x08000172   0x00000000   Code   RO          660    .ARM.Collect$$rtentry$$0000000C  c_w.l(__rtentry2.o)
    0x08000172   0x08000172   0x00000008   Code   RO          661    .ARM.Collect$$rtentry$$0000000D  c_w.l(__rtentry2.o)
    0x0800017a   0x0800017a   0x00000002   Code   RO          682    .ARM.Collect$$rtexit$$00000000  c_w.l(rtexit.o)
    0x0800017c   0x0800017c   0x00000000   Code   RO          730    .ARM.Collect$$rtexit$$00000002  c_w.l(rtexit2.o)
    0x0800017c   0x0800017c   0x00000004   Code   RO          731    .ARM.Collect$$rtexit$$00000003  c_w.l(rtexit2.o)
    0x08000180   0x08000180   0x00000006   Code   RO          732    .ARM.Collect$$rtexit$$00000004  c_w.l(rtexit2.o)
    0x08000186   0x08000186   0x00000002   PAD
    0x08000188   0x08000188   0x00000040   Code   RO            4    .text               startup_stm32f10x_md.o
    0x080001c8   0x080001c8   0x00000120   Code   RO           24    .text               stm32f10x_it.o
    0x080002e8   0x080002e8   0x000001e0   Code   RO          134    .text               system_stm32f10x.o
    0x080004c8   0x080004c8   0x000003c0   Code   RO          152    .text               main.o
    0x08000888   0x08000888   0x000000d0   Code   RO          175    .text               timer.o
    0x08000958   0x08000958   0x0000010c   Code   RO          194    .text               usart.o
    0x08000a64   0x08000a64   0x00000314   Code   RO          206    .text               led.o
    0x08000d78   0x08000d78   0x00000084   Code   RO          218    .text               buzzer.o
    0x08000dfc   0x08000dfc   0x00000180   Code   RO          233    .text               power.o
    0x08000f7c   0x08000f7c   0x00000594   Code   RO          246    .text               keyscan.o
    0x08001510   0x08001510   0x00000168   Code   RO          261    .text               light.o
    0x08001678   0x08001678   0x00000434   Code   RO          276    .text               can.o
    0x08001aac   0x08001aac   0x00000948   Code   RO          292    .text               adc.o
    0x080023f4   0x080023f4   0x000000dc   Code   RO          312    .text               misc.o
    0x080024d0   0x080024d0   0x0000044e   Code   RO          324    .text               stm32f10x_adc.o
    0x0800291e   0x0800291e   0x00000002   PAD
    0x08002920   0x08002920   0x000009f0   Code   RO          348    .text               stm32f10x_can.o
    0x08003310   0x08003310   0x00000254   Code   RO          408    .text               stm32f10x_dma.o
    0x08003564   0x08003564   0x0000035c   Code   RO          456    .text               stm32f10x_gpio.o
    0x080038c0   0x080038c0   0x000003a4   Code   RO          504    .text               stm32f10x_rcc.o
    0x08003c64   0x08003c64   0x00000e1a   Code   RO          554    .text               stm32f10x_tim.o
    0x08004a7e   0x08004a7e   0x00000002   PAD
    0x08004a80   0x08004a80   0x00000408   Code   RO          566    .text               stm32f10x_usart.o
    0x08004e88   0x08004e88   0x00000006   Code   RO          592    .text               c_w.l(heapauxi.o)
    0x08004e8e   0x08004e8e   0x0000004a   Code   RO          669    .text               c_w.l(sys_stackheap_outer.o)
    0x08004ed8   0x08004ed8   0x00000012   Code   RO          671    .text               c_w.l(exit.o)
    0x08004eea   0x08004eea   0x00000002   PAD
    0x08004eec   0x08004eec   0x00000008   Code   RO          679    .text               c_w.l(libspace.o)
    0x08004ef4   0x08004ef4   0x0000000c   Code   RO          740    .text               c_w.l(sys_exit.o)
    0x08004f00   0x08004f00   0x00000002   Code   RO          751    .text               c_w.l(use_no_semi.o)
    0x08004f02   0x08004f02   0x00000000   Code   RO          753    .text               c_w.l(indicate_semi.o)
    0x08004f02   0x08004f02   0x00000002   PAD
    0x08004f04   0x08004f04   0x00000150   Code   RO          596    x$fpl$dadd          fz_ws.l(daddsub_clz.o)
    0x08005054   0x08005054   0x000002b0   Code   RO          603    x$fpl$ddiv          fz_ws.l(ddiv.o)
    0x08005304   0x08005304   0x0000005e   Code   RO          606    x$fpl$dfix          fz_ws.l(dfix.o)
    0x08005362   0x08005362   0x00000002   PAD
    0x08005364   0x08005364   0x00000154   Code   RO          610    x$fpl$dmul          fz_ws.l(dmul.o)
    0x080054b8   0x080054b8   0x0000009c   Code   RO          643    x$fpl$dnaninf       fz_ws.l(dnaninf.o)
    0x08005554   0x08005554   0x0000000c   Code   RO          645    x$fpl$dretinf       fz_ws.l(dretinf.o)
    0x08005560   0x08005560   0x000001d4   Code   RO          598    x$fpl$dsub          fz_ws.l(daddsub_clz.o)
    0x08005734   0x08005734   0x00000056   Code   RO          612    x$fpl$f2d           fz_ws.l(f2d.o)
    0x0800578a   0x0800578a   0x00000002   PAD
    0x0800578c   0x0800578c   0x000000c4   Code   RO          614    x$fpl$fadd          fz_ws.l(faddsub_clz.o)
    0x08005850   0x08005850   0x00000018   Code   RO          647    x$fpl$fcmpinf       fz_ws.l(fcmpi.o)
    0x08005868   0x08005868   0x00000184   Code   RO          621    x$fpl$fdiv          fz_ws.l(fdiv.o)
    0x080059ec   0x080059ec   0x00000068   Code   RO          624    x$fpl$feqf          fz_ws.l(feqf.o)
    0x08005a54   0x08005a54   0x00000036   Code   RO          626    x$fpl$ffix          fz_ws.l(ffix.o)
    0x08005a8a   0x08005a8a   0x00000002   PAD
    0x08005a8c   0x08005a8c   0x00000030   Code   RO          631    x$fpl$fflt          fz_ws.l(fflt_clz.o)
    0x08005abc   0x08005abc   0x00000026   Code   RO          630    x$fpl$ffltu         fz_ws.l(fflt_clz.o)
    0x08005ae2   0x08005ae2   0x00000002   PAD
    0x08005ae4   0x08005ae4   0x00000068   Code   RO          636    x$fpl$fleqf         fz_ws.l(fleqf.o)
    0x08005b4c   0x08005b4c   0x00000102   Code   RO          638    x$fpl$fmul          fz_ws.l(fmul.o)
    0x08005c4e   0x08005c4e   0x0000008c   Code   RO          649    x$fpl$fnaninf       fz_ws.l(fnaninf.o)
    0x08005cda   0x08005cda   0x0000000a   Code   RO          651    x$fpl$fretinf       fz_ws.l(fretinf.o)
    0x08005ce4   0x08005ce4   0x00000062   Code   RO          640    x$fpl$frleqf        fz_ws.l(frleqf.o)
    0x08005d46   0x08005d46   0x00000002   PAD
    0x08005d48   0x08005d48   0x000000ea   Code   RO          616    x$fpl$fsub          fz_ws.l(faddsub_clz.o)
    0x08005e32   0x08005e32   0x00000000   Code   RO          653    x$fpl$usenofp       fz_ws.l(usenofp.o)
    0x08005e32   0x08005e32   0x00000002   PAD
    0x08005e34   0x08005e34   0x00000020   Data   RO          806    Region$$Table       anon$$obj.o


    Execution Region RW_IRAM1 (Exec base: 0x20000000, Load base: 0x08005e54, Size: 0x00000740, Max: 0x00005000, ABSOLUTE)

    Exec Addr    Load Addr    Size         Type   Attr      Idx    E Section Name        Object

    0x20000000   0x08005e54   0x00000014   Data   RW          135    .data               system_stm32f10x.o
    0x20000014   0x08005e68   0x00000025   Data   RW          153    .data               main.o
    0x20000039   0x08005e8d   0x00000003   PAD
    0x2000003c   0x08005e90   0x0000000d   Data   RW          176    .data               timer.o
    0x20000049   0x08005e9d   0x00000003   PAD
    0x2000004c   0x08005ea0   0x00000005   Data   RW          219    .data               buzzer.o
    0x20000051   0x08005ea5   0x00000003   PAD
    0x20000054   0x08005ea8   0x00000008   Data   RW          234    .data               power.o
    0x2000005c   0x08005eb0   0x0000000d   Data   RW          248    .data               keyscan.o
    0x20000069   0x08005ebd   0x00000002   Data   RW          262    .data               light.o
    0x2000006b   0x08005ebf   0x00000001   PAD
    0x2000006c   0x08005ec0   0x00000012   Data   RW          278    .data               can.o
    0x2000007e   0x08005ed2   0x00000002   PAD
    0x20000080   0x08005ed4   0x0000000c   Data   RW          294    .data               adc.o
    0x2000008c   0x08005ee0   0x00000014   Data   RW          505    .data               stm32f10x_rcc.o
    0x200000a0        -       0x0000000a   Zero   RW          247    .bss                keyscan.o
    0x200000aa   0x08005ef4   0x00000002   PAD
    0x200000ac        -       0x00000028   Zero   RW          277    .bss                can.o
    0x200000d4        -       0x0000000c   Zero   RW          293    .bss                adc.o
    0x200000e0        -       0x00000060   Zero   RW          680    .bss                c_w.l(libspace.o)
    0x20000140        -       0x00000200   Zero   RW            2    HEAP                startup_stm32f10x_md.o
    0x20000340        -       0x00000400   Zero   RW            1    STACK               startup_stm32f10x_md.o


==============================================================================

Image component sizes


      Code (inc. data)   RO Data    RW Data    ZI Data      Debug   Object Name

      2376        110          0         12         12       3279   adc.o
       132         12          0          5          0       1220   buzzer.o
      1076         90          0         18         40       3058   can.o
         0          0          0          0          0       4508   core_cm3.o
      1428        120          0         13         10       4054   keyscan.o
       788          4          0          0          0       2606   led.o
       360         16          0          2          0       1872   light.o
       960         46          0         37          0       2321   main.o
       220         22          0          0          0       2117   misc.o
       384         30          0          8          0       1164   power.o
        64         26        236          0       1536        848   startup_stm32f10x_md.o
      1102         26          0          0          0      11357   stm32f10x_adc.o
      2544         38          0          0          0       8348   stm32f10x_can.o
       596          8          0          0          0       4678   stm32f10x_dma.o
       860         38          0          0          0       6053   stm32f10x_gpio.o
       288         50          0          0          0     278114   stm32f10x_it.o
       932         36          0         20          0       9312   stm32f10x_rcc.o
      3610         88          0          0          0      23160   stm32f10x_tim.o
      1032         22          0          0          0       8772   stm32f10x_usart.o
       480         38          0         20          0       1919   system_stm32f10x.o
       208          8          0         13          0       1562   timer.o
       268         10          0          0          0       1267   usart.o

    ----------------------------------------------------------------------
     19712        838        268        160       1600     381589   Object Totals
         0          0         32          0          0          0   (incl. Generated)
         4          0          0         12          2          0   (incl. Padding)

    ----------------------------------------------------------------------

      Code (inc. data)   RO Data    RW Data    ZI Data      Debug   Library Member Name

         8          0          0          0          0         68   __main.o
         0          0          0          0          0          0   __rtentry.o
        12          0          0          0          0          0   __rtentry2.o
         6          0          0          0          0          0   __rtentry4.o
        52          8          0          0          0          0   __scatter.o
        26          0          0          0          0          0   __scatter_copy.o
        28          0          0          0          0          0   __scatter_zi.o
        18          0          0          0          0         80   exit.o
         6          0          0          0          0        152   heapauxi.o
         0          0          0          0          0          0   indicate_semi.o
         2          0          0          0          0          0   libinit.o
         2          0          0          0          0          0   libinit2.o
         2          0          0          0          0          0   libshutdown.o
         2          0          0          0          0          0   libshutdown2.o
         8          4          0          0         96         68   libspace.o
         2          0          0          0          0          0   rtexit.o
        10          0          0          0          0          0   rtexit2.o
        12          4          0          0          0         68   sys_exit.o
        74          0          0          0          0         80   sys_stackheap_outer.o
         2          0          0          0          0         68   use_no_semi.o
       804         16          0          0          0        272   daddsub_clz.o
       688        140          0          0          0        208   ddiv.o
        94          4          0          0          0         92   dfix.o
       340         12          0          0          0        104   dmul.o
       156          4          0          0          0         92   dnaninf.o
        12          0          0          0          0         68   dretinf.o
        86          4          0          0          0         84   f2d.o
       430          8          0          0          0        168   faddsub_clz.o
        24          0          0          0          0         68   fcmpi.o
       388         76          0          0          0         96   fdiv.o
       104          4          0          0          0         84   feqf.o
        54          4          0          0          0         84   ffix.o
        86          0          0          0          0        136   fflt_clz.o
       104          4          0          0          0         84   fleqf.o
       258          4          0          0          0         84   fmul.o
       140          4          0          0          0         84   fnaninf.o
        10          0          0          0          0         68   fretinf.o
        98          0          0          0          0         68   frleqf.o
         0          0          0          0          0          0   usenofp.o

    ----------------------------------------------------------------------
      4168        300          0          0         96       2528   Library Totals
        20          0          0          0          0          0   (incl. Padding)

    ----------------------------------------------------------------------

      Code (inc. data)   RO Data    RW Data    ZI Data      Debug   Library Name

       272         16          0          0         96        584   c_w.l
      3876        284          0          0          0       1944   fz_ws.l

    ----------------------------------------------------------------------
      4168        300          0          0         96       2528   Library Totals

    ----------------------------------------------------------------------

==============================================================================


      Code (inc. data)   RO Data    RW Data    ZI Data      Debug   

     23880       1138        268        160       1696     380889   Grand Totals
     23880       1138        268        160       1696     380889   ELF Image Totals
     23880       1138        268        160          0          0   ROM Totals

==============================================================================

    Total RO  Size (Code + RO Data)                24148 (  23.58kB)
    Total RW  Size (RW Data + ZI Data)              1856 (   1.81kB)
    Total ROM Size (Code + RO Data + RW Data)      24308 (  23.74kB)

==============================================================================

